[2025-02-23T04:14:28.456+0000][1007906][info][gc,init] CardTable entry size: 512
[2025-02-23T04:14:28.456+0000][1007906][info][gc     ] Using G1
[2025-02-23T04:14:29.788+0000][1007906][info][gc,init] Version: 20.0.1+9-29 (release)
[2025-02-23T04:14:29.788+0000][1007906][info][gc,init] CPUs: 36 total, 36 available
[2025-02-23T04:14:29.789+0000][1007906][info][gc,init] Memory: 125G
[2025-02-23T04:14:29.789+0000][1007906][info][gc,init] Large Page Support: Disabled
[2025-02-23T04:14:29.789+0000][1007906][info][gc,init] NUMA Support: Disabled
[2025-02-23T04:14:29.789+0000][1007906][info][gc,init] Compressed Oops: Enabled (Non-zero disjoint base)
[2025-02-23T04:14:29.789+0000][1007906][info][gc,init] Heap Region Size: 16M
[2025-02-23T04:14:29.789+0000][1007906][info][gc,init] Heap Min Capacity: 31G
[2025-02-23T04:14:29.789+0000][1007906][info][gc,init] Heap Initial Capacity: 31G
[2025-02-23T04:14:29.789+0000][1007906][info][gc,init] Heap Max Capacity: 31G
[2025-02-23T04:14:29.789+0000][1007906][info][gc,init] Pre-touch: Enabled
[2025-02-23T04:14:29.789+0000][1007906][info][gc,init] Parallel Workers: 25
[2025-02-23T04:14:29.789+0000][1007906][info][gc,init] Concurrent Workers: 6
[2025-02-23T04:14:29.789+0000][1007906][info][gc,init] Concurrent Refinement Workers: 25
[2025-02-23T04:14:29.789+0000][1007906][info][gc,init] Periodic GC: Disabled
[2025-02-23T04:14:29.789+0000][1007906][info][gc,metaspace] CDS archive(s) mapped at: [0x0000000800000000-0x0000000800c73000-0x0000000800c73000), size 13053952, SharedBaseAddress: 0x0000000800000000, ArchiveRelocationMode: 0.
[2025-02-23T04:14:29.789+0000][1007906][info][gc,metaspace] Compressed class space mapped at: 0x0000000801000000-0x0000000841000000, reserved size: 1073741824
[2025-02-23T04:14:29.789+0000][1007906][info][gc,metaspace] Narrow klass base: 0x0000000800000000, Narrow klass shift: 0, Narrow klass range: 0x100000000
[2025-02-23T04:14:30.030+0000][1007906][info][safepoint   ] Safepoint "ICBufferFull", Time since last: 233308869 ns, Reaching safepoint: 12965 ns, Cleanup: 153259 ns, At safepoint: 5191 ns, Total: 171415 ns
[2025-02-23T04:14:30.410+0000][1007906][info][safepoint   ] Safepoint "ICBufferFull", Time since last: 380061750 ns, Reaching safepoint: 8240 ns, Cleanup: 173744 ns, At safepoint: 3569 ns, Total: 185553 ns
[2025-02-23T04:14:30.787+0000][1007906][info][safepoint   ] Safepoint "ICBufferFull", Time since last: 376974123 ns, Reaching safepoint: 74463 ns, Cleanup: 172063 ns, At safepoint: 4360 ns, Total: 250886 ns
[2025-02-23T04:14:31.515+0000][1007906][info][safepoint   ] Safepoint "ICBufferFull", Time since last: 727762321 ns, Reaching safepoint: 7863 ns, Cleanup: 177548 ns, At safepoint: 3727 ns, Total: 189138 ns
[2025-02-23T04:14:31.868+0000][1007906][info][safepoint   ] Safepoint "ICBufferFull", Time since last: 352406932 ns, Reaching safepoint: 9053 ns, Cleanup: 197737 ns, At safepoint: 3881 ns, Total: 210671 ns
[2025-02-23T04:14:32.492+0000][1007906][info][safepoint   ] Safepoint "ICBufferFull", Time since last: 623735580 ns, Reaching safepoint: 78982 ns, Cleanup: 170907 ns, At safepoint: 5318 ns, Total: 255207 ns
[2025-02-23T04:14:32.947+0000][1007906][info][safepoint   ] Safepoint "ICBufferFull", Time since last: 455237467 ns, Reaching safepoint: 8496 ns, Cleanup: 163152 ns, At safepoint: 3338 ns, Total: 174986 ns
[2025-02-23T04:14:33.140+0000][1007906][info][gc,start    ] GC(0) Pause Young (Concurrent Start) (Metadata GC Threshold)
[2025-02-23T04:14:33.140+0000][1007906][info][gc,task     ] GC(0) Using 25 workers of 25 for evacuation
[2025-02-23T04:14:33.140+0000][1007906][debug][gc,age      ] GC(0) Desired survivor size 109051904 bytes, new threshold 15 (max threshold 15)
[2025-02-23T04:14:33.146+0000][1007906][info ][gc,phases   ] GC(0)   Pre Evacuate Collection Set: 0.5ms
[2025-02-23T04:14:33.146+0000][1007906][info ][gc,phases   ] GC(0)   Merge Heap Roots: 0.3ms
[2025-02-23T04:14:33.146+0000][1007906][info ][gc,phases   ] GC(0)   Evacuate Collection Set: 4.3ms
[2025-02-23T04:14:33.146+0000][1007906][info ][gc,phases   ] GC(0)   Post Evacuate Collection Set: 1.5ms
[2025-02-23T04:14:33.146+0000][1007906][info ][gc,phases   ] GC(0)   Other: 0.1ms
[2025-02-23T04:14:33.146+0000][1007906][trace][gc,age      ] GC(0) Age table with threshold 15 (max threshold 15)
[2025-02-23T04:14:33.146+0000][1007906][trace][gc,age      ] GC(0) - age   1:   12100704 bytes,   12100704 total
[2025-02-23T04:14:33.146+0000][1007906][info ][gc,heap     ] GC(0) Eden regions: 22->0(98)
[2025-02-23T04:14:33.146+0000][1007906][info ][gc,heap     ] GC(0) Survivor regions: 0->1(13)
[2025-02-23T04:14:33.146+0000][1007906][info ][gc,heap     ] GC(0) Old regions: 0->0
[2025-02-23T04:14:33.146+0000][1007906][info ][gc,heap     ] GC(0) Archive regions: 2->2
[2025-02-23T04:14:33.146+0000][1007906][info ][gc,heap     ] GC(0) Humongous regions: 0->0
[2025-02-23T04:14:33.146+0000][1007906][info ][gc,metaspace] GC(0) Metaspace: 20966K(21504K)->20966K(21504K) NonClass: 18645K(18944K)->18645K(18944K) Class: 2321K(2560K)->2321K(2560K)
[2025-02-23T04:14:33.146+0000][1007906][info ][gc          ] GC(0) Pause Young (Concurrent Start) (Metadata GC Threshold) 359M->28M(31744M) 6.895ms
[2025-02-23T04:14:33.146+0000][1007906][info ][gc          ] GC(1) Concurrent Mark Cycle
[2025-02-23T04:14:33.146+0000][1007906][info ][gc,cpu      ] GC(0) User=0.05s Sys=0.01s Real=0.00s
[2025-02-23T04:14:33.147+0000][1007906][info ][gc,marking  ] GC(1) Concurrent Scan Root Regions
[2025-02-23T04:14:33.147+0000][1007906][info ][safepoint   ] Safepoint "CollectForMetadataAllocation", Time since last: 191993296 ns, Reaching safepoint: 7754 ns, Cleanup: 52637 ns, At safepoint: 7101818 ns, Total: 7162209 ns
[2025-02-23T04:14:33.154+0000][1007906][info ][gc,marking  ] GC(1) Concurrent Scan Root Regions 7.010ms
[2025-02-23T04:14:33.154+0000][1007906][info ][gc,marking  ] GC(1) Concurrent Mark
[2025-02-23T04:14:33.154+0000][1007906][info ][gc,marking  ] GC(1) Concurrent Mark From Roots
[2025-02-23T04:14:33.154+0000][1007906][info ][gc,task     ] GC(1) Using 6 workers of 6 for marking
[2025-02-23T04:14:33.156+0000][1007906][info ][gc,marking  ] GC(1) Concurrent Mark From Roots 2.120ms
[2025-02-23T04:14:33.156+0000][1007906][info ][gc,marking  ] GC(1) Concurrent Preclean
[2025-02-23T04:14:33.156+0000][1007906][info ][gc,marking  ] GC(1) Concurrent Preclean 0.011ms
[2025-02-23T04:14:33.156+0000][1007906][info ][gc,start    ] GC(1) Pause Remark
[2025-02-23T04:14:33.158+0000][1007906][info ][gc          ] GC(1) Pause Remark 44M->44M(31744M) 2.342ms
[2025-02-23T04:14:33.158+0000][1007906][info ][gc,cpu      ] GC(1) User=0.00s Sys=0.01s Real=0.00s
[2025-02-23T04:14:33.158+0000][1007906][info ][safepoint   ] Safepoint "G1PauseRemark", Time since last: 9212213 ns, Reaching safepoint: 77932 ns, Cleanup: 69616 ns, At safepoint: 2447720 ns, Total: 2595268 ns
[2025-02-23T04:14:33.158+0000][1007906][info ][gc,marking  ] GC(1) Concurrent Mark 4.843ms
[2025-02-23T04:14:33.158+0000][1007906][info ][gc,marking  ] GC(1) Concurrent Rebuild Remembered Sets and Scrub Regions
[2025-02-23T04:14:33.159+0000][1007906][info ][gc,marking  ] GC(1) Concurrent Rebuild Remembered Sets and Scrub Regions 0.286ms
[2025-02-23T04:14:33.159+0000][1007906][info ][gc,start    ] GC(1) Pause Cleanup
[2025-02-23T04:14:33.159+0000][1007906][info ][gc          ] GC(1) Pause Cleanup 44M->44M(31744M) 0.036ms
[2025-02-23T04:14:33.159+0000][1007906][info ][gc,cpu      ] GC(1) User=0.00s Sys=0.00s Real=0.00s
[2025-02-23T04:14:33.159+0000][1007906][info ][safepoint   ] Safepoint "G1PauseCleanup", Time since last: 371855 ns, Reaching safepoint: 7651 ns, Cleanup: 43890 ns, At safepoint: 65967 ns, Total: 117508 ns
[2025-02-23T04:14:33.159+0000][1007906][info ][gc,marking  ] GC(1) Concurrent Clear Claimed Marks
[2025-02-23T04:14:33.159+0000][1007906][info ][gc,marking  ] GC(1) Concurrent Clear Claimed Marks 0.052ms
[2025-02-23T04:14:33.159+0000][1007906][info ][gc,marking  ] GC(1) Concurrent Cleanup for Next Mark
[2025-02-23T04:14:33.177+0000][1007906][info ][gc,marking  ] GC(1) Concurrent Cleanup for Next Mark 18.173ms
[2025-02-23T04:14:33.177+0000][1007906][info ][gc          ] GC(1) Concurrent Mark Cycle 30.782ms
[2025-02-23T04:14:33.725+0000][1007906][info ][safepoint   ] Safepoint "ICBufferFull", Time since last: 565740444 ns, Reaching safepoint: 6215 ns, Cleanup: 204863 ns, At safepoint: 4181 ns, Total: 215259 ns
[2025-02-23T04:14:34.477+0000][1007906][info ][safepoint   ] Safepoint "ICBufferFull", Time since last: 751603704 ns, Reaching safepoint: 10633 ns, Cleanup: 196459 ns, At safepoint: 4898 ns, Total: 211990 ns
[2025-02-23T04:14:35.678+0000][1007906][info ][safepoint   ] Safepoint "Cleanup", Time since last: 1200634732 ns, Reaching safepoint: 75438 ns, Cleanup: 202242 ns, At safepoint: 5824 ns, Total: 283504 ns
[2025-02-23T04:14:36.678+0000][1007906][info ][safepoint   ] Safepoint "Cleanup", Time since last: 1000119753 ns, Reaching safepoint: 8521 ns, Cleanup: 142968 ns, At safepoint: 4995 ns, Total: 156484 ns
[2025-02-23T04:14:36.733+0000][1007906][info ][gc,start    ] GC(2) Pause Young (Concurrent Start) (Metadata GC Threshold)
[2025-02-23T04:14:36.733+0000][1007906][info ][gc,task     ] GC(2) Using 25 workers of 25 for evacuation
[2025-02-23T04:14:36.733+0000][1007906][debug][gc,age      ] GC(2) Desired survivor size 109051904 bytes, new threshold 15 (max threshold 15)
[2025-02-23T04:14:36.744+0000][1007906][info ][gc,phases   ] GC(2)   Pre Evacuate Collection Set: 0.5ms
[2025-02-23T04:14:36.744+0000][1007906][info ][gc,phases   ] GC(2)   Merge Heap Roots: 0.1ms
[2025-02-23T04:14:36.744+0000][1007906][info ][gc,phases   ] GC(2)   Evacuate Collection Set: 8.5ms
[2025-02-23T04:14:36.744+0000][1007906][info ][gc,phases   ] GC(2)   Post Evacuate Collection Set: 1.7ms
[2025-02-23T04:14:36.744+0000][1007906][info ][gc,phases   ] GC(2)   Other: 0.2ms
[2025-02-23T04:14:36.744+0000][1007906][trace][gc,age      ] GC(2) Age table with threshold 15 (max threshold 15)
[2025-02-23T04:14:36.744+0000][1007906][trace][gc,age      ] GC(2) - age   1:   19147640 bytes,   19147640 total
[2025-02-23T04:14:36.744+0000][1007906][trace][gc,age      ] GC(2) - age   2:   11089032 bytes,   30236672 total
[2025-02-23T04:14:36.744+0000][1007906][info ][gc,heap     ] GC(2) Eden regions: 85->0(97)
[2025-02-23T04:14:36.744+0000][1007906][info ][gc,heap     ] GC(2) Survivor regions: 1->2(13)
[2025-02-23T04:14:36.744+0000][1007906][info ][gc,heap     ] GC(2) Old regions: 0->0
[2025-02-23T04:14:36.744+0000][1007906][info ][gc,heap     ] GC(2) Archive regions: 2->2
[2025-02-23T04:14:36.744+0000][1007906][info ][gc,heap     ] GC(2) Humongous regions: 0->0
[2025-02-23T04:14:36.744+0000][1007906][info ][gc,metaspace] GC(2) Metaspace: 35290K(36160K)->35290K(36160K) NonClass: 31195K(31680K)->31195K(31680K) Class: 4095K(4480K)->4095K(4480K)
[2025-02-23T04:14:36.744+0000][1007906][info ][gc          ] GC(2) Pause Young (Concurrent Start) (Metadata GC Threshold) 1388M->46M(31744M) 11.279ms
[2025-02-23T04:14:36.744+0000][1007906][info ][gc          ] GC(3) Concurrent Mark Cycle
[2025-02-23T04:14:36.744+0000][1007906][info ][gc,cpu      ] GC(2) User=0.14s Sys=0.01s Real=0.01s
[2025-02-23T04:14:36.744+0000][1007906][info ][gc,marking  ] GC(3) Concurrent Scan Root Regions
[2025-02-23T04:14:36.744+0000][1007906][info ][safepoint   ] Safepoint "CollectForMetadataAllocation", Time since last: 54728595 ns, Reaching safepoint: 9424 ns, Cleanup: 82589 ns, At safepoint: 11472803 ns, Total: 11564816 ns
[2025-02-23T04:14:36.753+0000][1007906][info ][gc,marking  ] GC(3) Concurrent Scan Root Regions 8.930ms
[2025-02-23T04:14:36.753+0000][1007906][info ][gc,marking  ] GC(3) Concurrent Mark
[2025-02-23T04:14:36.753+0000][1007906][info ][gc,marking  ] GC(3) Concurrent Mark From Roots
[2025-02-23T04:14:36.753+0000][1007906][info ][gc,task     ] GC(3) Using 6 workers of 6 for marking
[2025-02-23T04:14:36.755+0000][1007906][info ][gc,marking  ] GC(3) Concurrent Mark From Roots 1.674ms
[2025-02-23T04:14:36.755+0000][1007906][info ][gc,marking  ] GC(3) Concurrent Preclean
[2025-02-23T04:14:36.755+0000][1007906][info ][gc,marking  ] GC(3) Concurrent Preclean 0.013ms
[2025-02-23T04:14:36.755+0000][1007906][info ][gc,start    ] GC(3) Pause Remark
[2025-02-23T04:14:36.759+0000][1007906][info ][gc          ] GC(3) Pause Remark 62M->62M(31744M) 4.138ms
[2025-02-23T04:14:36.759+0000][1007906][info ][gc,cpu      ] GC(3) User=0.03s Sys=0.00s Real=0.00s
[2025-02-23T04:14:36.759+0000][1007906][info ][safepoint   ] Safepoint "G1PauseRemark", Time since last: 10671230 ns, Reaching safepoint: 75929 ns, Cleanup: 50257 ns, At safepoint: 4267157 ns, Total: 4393343 ns
[2025-02-23T04:14:36.759+0000][1007906][info ][gc,marking  ] GC(3) Concurrent Mark 6.194ms
[2025-02-23T04:14:36.759+0000][1007906][info ][gc,marking  ] GC(3) Concurrent Rebuild Remembered Sets and Scrub Regions
[2025-02-23T04:14:36.760+0000][1007906][info ][gc,marking  ] GC(3) Concurrent Rebuild Remembered Sets and Scrub Regions 0.289ms
[2025-02-23T04:14:36.760+0000][1007906][info ][gc,start    ] GC(3) Pause Cleanup
[2025-02-23T04:14:36.760+0000][1007906][info ][gc          ] GC(3) Pause Cleanup 62M->62M(31744M) 0.036ms
[2025-02-23T04:14:36.760+0000][1007906][info ][gc,cpu      ] GC(3) User=0.00s Sys=0.00s Real=0.00s
[2025-02-23T04:14:36.760+0000][1007906][info ][safepoint   ] Safepoint "G1PauseCleanup", Time since last: 376037 ns, Reaching safepoint: 73801 ns, Cleanup: 59367 ns, At safepoint: 65366 ns, Total: 198534 ns
[2025-02-23T04:14:36.760+0000][1007906][info ][gc,marking  ] GC(3) Concurrent Clear Claimed Marks
[2025-02-23T04:14:36.760+0000][1007906][info ][gc,marking  ] GC(3) Concurrent Clear Claimed Marks 0.072ms
[2025-02-23T04:14:36.760+0000][1007906][info ][gc,marking  ] GC(3) Concurrent Cleanup for Next Mark
[2025-02-23T04:14:36.778+0000][1007906][info ][gc,marking  ] GC(3) Concurrent Cleanup for Next Mark 18.431ms
[2025-02-23T04:14:36.778+0000][1007906][info ][gc          ] GC(3) Concurrent Mark Cycle 34.362ms
[2025-02-23T04:14:37.707+0000][1007906][info ][safepoint   ] Safepoint "ICBufferFull", Time since last: 946703718 ns, Reaching safepoint: 48500 ns, Cleanup: 203781 ns, At safepoint: 5733 ns, Total: 258014 ns
[2025-02-23T04:14:38.194+0000][1007906][info ][safepoint   ] Safepoint "ICBufferFull", Time since last: 487322499 ns, Reaching safepoint: 11521 ns, Cleanup: 171465 ns, At safepoint: 4318 ns, Total: 187304 ns
[2025-02-23T04:14:39.195+0000][1007906][info ][safepoint   ] Safepoint "Cleanup", Time since last: 1000175125 ns, Reaching safepoint: 81474 ns, Cleanup: 111651 ns, At safepoint: 10407 ns, Total: 203532 ns
[2025-02-23T04:14:40.491+0000][1007906][info ][safepoint   ] Safepoint "ICBufferFull", Time since last: 1295767882 ns, Reaching safepoint: 9178 ns, Cleanup: 201350 ns, At safepoint: 4471 ns, Total: 214999 ns
[2025-02-23T04:14:41.576+0000][1007906][info ][safepoint   ] Safepoint "Cleanup", Time since last: 1084988228 ns, Reaching safepoint: 6211 ns, Cleanup: 173558 ns, At safepoint: 9513 ns, Total: 189282 ns
[2025-02-23T04:14:41.977+0000][1007906][info ][gc,start    ] GC(4) Pause Young (Concurrent Start) (Metadata GC Threshold)
[2025-02-23T04:14:41.977+0000][1007906][info ][gc,task     ] GC(4) Using 25 workers of 25 for evacuation
[2025-02-23T04:14:41.977+0000][1007906][debug][gc,age      ] GC(4) Desired survivor size 109051904 bytes, new threshold 15 (max threshold 15)
[2025-02-23T04:14:41.997+0000][1007906][info ][gc,phases   ] GC(4)   Pre Evacuate Collection Set: 0.5ms
[2025-02-23T04:14:41.997+0000][1007906][info ][gc,phases   ] GC(4)   Merge Heap Roots: 0.1ms
[2025-02-23T04:14:41.997+0000][1007906][info ][gc,phases   ] GC(4)   Evacuate Collection Set: 16.7ms
[2025-02-23T04:14:41.997+0000][1007906][info ][gc,phases   ] GC(4)   Post Evacuate Collection Set: 2.4ms
[2025-02-23T04:14:41.997+0000][1007906][info ][gc,phases   ] GC(4)   Other: 0.1ms
[2025-02-23T04:14:41.997+0000][1007906][trace][gc,age      ] GC(4) Age table with threshold 15 (max threshold 15)
[2025-02-23T04:14:41.997+0000][1007906][trace][gc,age      ] GC(4) - age   1:   25204584 bytes,   25204584 total
[2025-02-23T04:14:41.997+0000][1007906][trace][gc,age      ] GC(4) - age   2:   18979136 bytes,   44183720 total
[2025-02-23T04:14:41.997+0000][1007906][trace][gc,age      ] GC(4) - age   3:   11017512 bytes,   55201232 total
[2025-02-23T04:14:41.997+0000][1007906][info ][gc,heap     ] GC(4) Eden regions: 31->0(95)
[2025-02-23T04:14:41.997+0000][1007906][info ][gc,heap     ] GC(4) Survivor regions: 2->4(13)
[2025-02-23T04:14:41.997+0000][1007906][info ][gc,heap     ] GC(4) Old regions: 0->0
[2025-02-23T04:14:41.997+0000][1007906][info ][gc,heap     ] GC(4) Archive regions: 2->2
[2025-02-23T04:14:41.997+0000][1007906][info ][gc,heap     ] GC(4) Humongous regions: 0->0
[2025-02-23T04:14:41.997+0000][1007906][info ][gc,metaspace] GC(4) Metaspace: 58919K(60416K)->58919K(60416K) NonClass: 51490K(52352K)->51490K(52352K) Class: 7429K(8064K)->7429K(8064K)
[2025-02-23T04:14:41.997+0000][1007906][info ][gc          ] GC(4) Pause Young (Concurrent Start) (Metadata GC Threshold) 542M->71M(31744M) 20.054ms
[2025-02-23T04:14:41.997+0000][1007906][info ][gc,cpu      ] GC(4) User=0.24s Sys=0.02s Real=0.02s
[2025-02-23T04:14:41.997+0000][1007906][info ][gc          ] GC(5) Concurrent Mark Cycle
[2025-02-23T04:14:41.997+0000][1007906][info ][gc,marking  ] GC(5) Concurrent Scan Root Regions
[2025-02-23T04:14:41.997+0000][1007906][info ][safepoint   ] Safepoint "CollectForMetadataAllocation", Time since last: 400811783 ns, Reaching safepoint: 7994 ns, Cleanup: 86929 ns, At safepoint: 20201079 ns, Total: 20296002 ns
[2025-02-23T04:14:42.014+0000][1007906][info ][gc,marking  ] GC(5) Concurrent Scan Root Regions 16.682ms
[2025-02-23T04:14:42.014+0000][1007906][info ][gc,marking  ] GC(5) Concurrent Mark
[2025-02-23T04:14:42.014+0000][1007906][info ][gc,marking  ] GC(5) Concurrent Mark From Roots
[2025-02-23T04:14:42.014+0000][1007906][info ][gc,task     ] GC(5) Using 6 workers of 6 for marking
[2025-02-23T04:14:42.015+0000][1007906][info ][gc,marking  ] GC(5) Concurrent Mark From Roots 1.602ms
[2025-02-23T04:14:42.015+0000][1007906][info ][gc,marking  ] GC(5) Concurrent Preclean
[2025-02-23T04:14:42.015+0000][1007906][info ][gc,marking  ] GC(5) Concurrent Preclean 0.012ms
[2025-02-23T04:14:42.015+0000][1007906][info ][gc,start    ] GC(5) Pause Remark
[2025-02-23T04:14:42.020+0000][1007906][info ][gc          ] GC(5) Pause Remark 87M->87M(31744M) 4.276ms
[2025-02-23T04:14:42.020+0000][1007906][info ][gc,cpu      ] GC(5) User=0.04s Sys=0.00s Real=0.00s
[2025-02-23T04:14:42.020+0000][1007906][info ][safepoint   ] Safepoint "G1PauseRemark", Time since last: 18383064 ns, Reaching safepoint: 8465 ns, Cleanup: 97117 ns, At safepoint: 4387481 ns, Total: 4493063 ns
[2025-02-23T04:14:42.020+0000][1007906][info ][gc,marking  ] GC(5) Concurrent Mark 6.216ms
[2025-02-23T04:14:42.020+0000][1007906][info ][gc,marking  ] GC(5) Concurrent Rebuild Remembered Sets and Scrub Regions
[2025-02-23T04:14:42.020+0000][1007906][info ][gc,marking  ] GC(5) Concurrent Rebuild Remembered Sets and Scrub Regions 0.325ms
[2025-02-23T04:14:42.020+0000][1007906][info ][gc,start    ] GC(5) Pause Cleanup
[2025-02-23T04:14:42.020+0000][1007906][info ][gc          ] GC(5) Pause Cleanup 87M->87M(31744M) 0.032ms
[2025-02-23T04:14:42.020+0000][1007906][info ][gc,cpu      ] GC(5) User=0.00s Sys=0.00s Real=0.00s
[2025-02-23T04:14:42.020+0000][1007906][info ][safepoint   ] Safepoint "G1PauseCleanup", Time since last: 434418 ns, Reaching safepoint: 77399 ns, Cleanup: 51203 ns, At safepoint: 61181 ns, Total: 189783 ns
[2025-02-23T04:14:42.020+0000][1007906][info ][gc,marking  ] GC(5) Concurrent Clear Claimed Marks
[2025-02-23T04:14:42.021+0000][1007906][info ][gc,marking  ] GC(5) Concurrent Clear Claimed Marks 0.112ms
[2025-02-23T04:14:42.021+0000][1007906][info ][gc,marking  ] GC(5) Concurrent Cleanup for Next Mark
[2025-02-23T04:14:42.038+0000][1007906][info ][gc,marking  ] GC(5) Concurrent Cleanup for Next Mark 17.843ms
[2025-02-23T04:14:42.038+0000][1007906][info ][gc          ] GC(5) Concurrent Mark Cycle 41.637ms
[2025-02-23T04:14:43.021+0000][1007906][info ][safepoint   ] Safepoint "Cleanup", Time since last: 1000099121 ns, Reaching safepoint: 82350 ns, Cleanup: 160619 ns, At safepoint: 4969 ns, Total: 247938 ns
[2025-02-23T04:14:44.521+0000][1007906][info ][safepoint   ] Safepoint "Cleanup", Time since last: 1499903117 ns, Reaching safepoint: 5481 ns, Cleanup: 163010 ns, At safepoint: 3506 ns, Total: 171997 ns
[2025-02-23T04:14:45.521+0000][1007906][info ][safepoint   ] Safepoint "Cleanup", Time since last: 1000163223 ns, Reaching safepoint: 77726 ns, Cleanup: 126317 ns, At safepoint: 5244 ns, Total: 209287 ns
[2025-02-23T04:14:46.522+0000][1007906][info ][safepoint   ] Safepoint "Cleanup", Time since last: 1000143911 ns, Reaching safepoint: 78517 ns, Cleanup: 118293 ns, At safepoint: 5414 ns, Total: 202224 ns
[2025-02-23T04:14:47.728+0000][1007906][info ][safepoint   ] Safepoint "Cleanup", Time since last: 1205903300 ns, Reaching safepoint: 6376 ns, Cleanup: 162557 ns, At safepoint: 5198 ns, Total: 174131 ns
[2025-02-23T04:14:47.801+0000][1007906][info ][gc,start    ] GC(6) Pause Young (Concurrent Start) (Metadata GC Threshold)
[2025-02-23T04:14:47.801+0000][1007906][info ][gc,task     ] GC(6) Using 25 workers of 25 for evacuation
[2025-02-23T04:14:47.801+0000][1007906][debug][gc,age      ] GC(6) Desired survivor size 109051904 bytes, new threshold 15 (max threshold 15)
[2025-02-23T04:14:47.825+0000][1007906][info ][gc,phases   ] GC(6)   Pre Evacuate Collection Set: 0.5ms
[2025-02-23T04:14:47.825+0000][1007906][info ][gc,phases   ] GC(6)   Merge Heap Roots: 0.1ms
[2025-02-23T04:14:47.825+0000][1007906][info ][gc,phases   ] GC(6)   Evacuate Collection Set: 20.3ms
[2025-02-23T04:14:47.825+0000][1007906][info ][gc,phases   ] GC(6)   Post Evacuate Collection Set: 2.9ms
[2025-02-23T04:14:47.825+0000][1007906][info ][gc,phases   ] GC(6)   Other: 0.1ms
[2025-02-23T04:14:47.825+0000][1007906][trace][gc,age      ] GC(6) Age table with threshold 15 (max threshold 15)
[2025-02-23T04:14:47.825+0000][1007906][trace][gc,age      ] GC(6) - age   1:   18913224 bytes,   18913224 total
[2025-02-23T04:14:47.825+0000][1007906][trace][gc,age      ] GC(6) - age   2:   24621856 bytes,   43535080 total
[2025-02-23T04:14:47.825+0000][1007906][trace][gc,age      ] GC(6) - age   3:   18873432 bytes,   62408512 total
[2025-02-23T04:14:47.825+0000][1007906][trace][gc,age      ] GC(6) - age   4:   10987072 bytes,   73395584 total
[2025-02-23T04:14:47.825+0000][1007906][info ][gc,heap     ] GC(6) Eden regions: 37->0(94)
[2025-02-23T04:14:47.825+0000][1007906][info ][gc,heap     ] GC(6) Survivor regions: 4->5(13)
[2025-02-23T04:14:47.825+0000][1007906][info ][gc,heap     ] GC(6) Old regions: 0->0
[2025-02-23T04:14:47.825+0000][1007906][info ][gc,heap     ] GC(6) Archive regions: 2->2
[2025-02-23T04:14:47.825+0000][1007906][info ][gc,heap     ] GC(6) Humongous regions: 0->0
[2025-02-23T04:14:47.825+0000][1007906][info ][gc,metaspace] GC(6) Metaspace: 99105K(100928K)->99105K(100928K) NonClass: 86194K(87232K)->86194K(87232K) Class: 12910K(13696K)->12910K(13696K)
[2025-02-23T04:14:47.825+0000][1007906][info ][gc          ] GC(6) Pause Young (Concurrent Start) (Metadata GC Threshold) 663M->93M(31744M) 24.120ms
[2025-02-23T04:14:47.825+0000][1007906][info ][gc          ] GC(7) Concurrent Mark Cycle
[2025-02-23T04:14:47.825+0000][1007906][info ][gc,cpu      ] GC(6) User=0.32s Sys=0.00s Real=0.02s
[2025-02-23T04:14:47.825+0000][1007906][info ][gc,marking  ] GC(7) Concurrent Scan Root Regions
[2025-02-23T04:14:47.825+0000][1007906][info ][safepoint   ] Safepoint "CollectForMetadataAllocation", Time since last: 72897074 ns, Reaching safepoint: 9573 ns, Cleanup: 67168 ns, At safepoint: 24309121 ns, Total: 24385862 ns
[2025-02-23T04:14:47.840+0000][1007906][info ][gc,marking  ] GC(7) Concurrent Scan Root Regions 15.561ms
[2025-02-23T04:14:47.840+0000][1007906][info ][gc,marking  ] GC(7) Concurrent Mark
[2025-02-23T04:14:47.840+0000][1007906][info ][gc,marking  ] GC(7) Concurrent Mark From Roots
[2025-02-23T04:14:47.840+0000][1007906][info ][gc,task     ] GC(7) Using 6 workers of 6 for marking
[2025-02-23T04:14:47.842+0000][1007906][info ][gc,marking  ] GC(7) Concurrent Mark From Roots 1.638ms
[2025-02-23T04:14:47.842+0000][1007906][info ][gc,marking  ] GC(7) Concurrent Preclean
[2025-02-23T04:14:47.842+0000][1007906][info ][gc,marking  ] GC(7) Concurrent Preclean 0.011ms
[2025-02-23T04:14:47.842+0000][1007906][info ][gc,start    ] GC(7) Pause Remark
[2025-02-23T04:14:47.847+0000][1007906][info ][gc          ] GC(7) Pause Remark 108M->108M(31744M) 5.111ms
[2025-02-23T04:14:47.848+0000][1007906][info ][gc,cpu      ] GC(7) User=0.05s Sys=0.00s Real=0.01s
[2025-02-23T04:14:47.848+0000][1007906][info ][safepoint   ] Safepoint "G1PauseRemark", Time since last: 17251988 ns, Reaching safepoint: 79316 ns, Cleanup: 57437 ns, At safepoint: 5222412 ns, Total: 5359165 ns
[2025-02-23T04:14:47.848+0000][1007906][info ][gc,marking  ] GC(7) Concurrent Mark 7.120ms
[2025-02-23T04:14:47.848+0000][1007906][info ][gc,marking  ] GC(7) Concurrent Rebuild Remembered Sets and Scrub Regions
[2025-02-23T04:14:47.848+0000][1007906][info ][gc,marking  ] GC(7) Concurrent Rebuild Remembered Sets and Scrub Regions 0.257ms
[2025-02-23T04:14:47.848+0000][1007906][info ][gc,start    ] GC(7) Pause Cleanup
[2025-02-23T04:14:47.848+0000][1007906][info ][gc          ] GC(7) Pause Cleanup 108M->108M(31744M) 0.033ms
[2025-02-23T04:14:47.848+0000][1007906][info ][gc,cpu      ] GC(7) User=0.00s Sys=0.00s Real=0.00s
[2025-02-23T04:14:47.848+0000][1007906][info ][safepoint   ] Safepoint "G1PauseCleanup", Time since last: 366195 ns, Reaching safepoint: 75443 ns, Cleanup: 47402 ns, At safepoint: 62285 ns, Total: 185130 ns
[2025-02-23T04:14:47.848+0000][1007906][info ][gc,marking  ] GC(7) Concurrent Clear Claimed Marks
[2025-02-23T04:14:47.848+0000][1007906][info ][gc,marking  ] GC(7) Concurrent Clear Claimed Marks 0.138ms
[2025-02-23T04:14:47.848+0000][1007906][info ][gc,marking  ] GC(7) Concurrent Cleanup for Next Mark
[2025-02-23T04:14:47.867+0000][1007906][info ][gc,marking  ] GC(7) Concurrent Cleanup for Next Mark 18.427ms
[2025-02-23T04:14:47.867+0000][1007906][info ][gc          ] GC(7) Concurrent Mark Cycle 41.985ms
[2025-02-23T04:14:48.848+0000][1007906][info ][safepoint   ] Safepoint "Cleanup", Time since last: 1000089684 ns, Reaching safepoint: 9333 ns, Cleanup: 129910 ns, At safepoint: 4917 ns, Total: 144160 ns
[2025-02-23T04:14:50.113+0000][1007906][info ][safepoint   ] Safepoint "Cleanup", Time since last: 1264793745 ns, Reaching safepoint: 11908 ns, Cleanup: 114111 ns, At safepoint: 4061 ns, Total: 130080 ns
[2025-02-23T04:14:51.191+0000][1007906][info ][gc,heap,exit] Heap
[2025-02-23T04:14:51.191+0000][1007906][info ][gc,heap,exit]  garbage-first heap   total 32505856K, used 341241K [0x0000001001000000, 0x00000017c1000000)
[2025-02-23T04:14:51.191+0000][1007906][info ][gc,heap,exit]   region size 16384K, 20 young (327680K), 5 survivors (81920K)
[2025-02-23T04:14:51.191+0000][1007906][info ][gc,heap,exit]  Metaspace       used 110132K, committed 113216K, reserved 1179648K
[2025-02-23T04:14:51.191+0000][1007906][info ][gc,heap,exit]   class space    used 14872K, committed 16320K, reserved 1048576K
