[2025-02-23T04:20:41.480+0000][1008277][info][gc,init] CardTable entry size: 512
[2025-02-23T04:20:41.480+0000][1008277][info][gc     ] Using G1
[2025-02-23T04:20:41.519+0000][1008277][info][gc,init] Version: 20.0.1+9-29 (release)
[2025-02-23T04:20:41.519+0000][1008277][info][gc,init] CPUs: 36 total, 36 available
[2025-02-23T04:20:41.520+0000][1008277][info][gc,init] Memory: 125G
[2025-02-23T04:20:41.520+0000][1008277][info][gc,init] Large Page Support: Disabled
[2025-02-23T04:20:41.520+0000][1008277][info][gc,init] NUMA Support: Disabled
[2025-02-23T04:20:41.520+0000][1008277][info][gc,init] Compressed Oops: Enabled (Non-zero disjoint base)
[2025-02-23T04:20:41.520+0000][1008277][info][gc,init] Heap Region Size: 16M
[2025-02-23T04:20:41.520+0000][1008277][info][gc,init] Heap Min Capacity: 31G
[2025-02-23T04:20:41.520+0000][1008277][info][gc,init] Heap Initial Capacity: 31G
[2025-02-23T04:20:41.520+0000][1008277][info][gc,init] Heap Max Capacity: 31G
[2025-02-23T04:20:41.520+0000][1008277][info][gc,init] Pre-touch: Disabled
[2025-02-23T04:20:41.520+0000][1008277][info][gc,init] Parallel Workers: 25
[2025-02-23T04:20:41.520+0000][1008277][info][gc,init] Concurrent Workers: 6
[2025-02-23T04:20:41.520+0000][1008277][info][gc,init] Concurrent Refinement Workers: 25
[2025-02-23T04:20:41.520+0000][1008277][info][gc,init] Periodic GC: Disabled
[2025-02-23T04:20:41.520+0000][1008277][info][gc,metaspace] CDS archive(s) mapped at: [0x0000000800000000-0x0000000800c73000-0x0000000800c73000), size 13053952, SharedBaseAddress: 0x0000000800000000, ArchiveRelocationMode: 0.
[2025-02-23T04:20:41.520+0000][1008277][info][gc,metaspace] Compressed class space mapped at: 0x0000000801000000-0x0000000841000000, reserved size: 1073741824
[2025-02-23T04:20:41.520+0000][1008277][info][gc,metaspace] Narrow klass base: 0x0000000800000000, Narrow klass shift: 0, Narrow klass range: 0x100000000
[2025-02-23T04:20:41.550+0000][1008277][info][gc,heap,exit] Heap
[2025-02-23T04:20:41.550+0000][1008277][info][gc,heap,exit]  garbage-first heap   total 32505856K, used 32750K [0x0000001001000000, 0x00000017c1000000)
[2025-02-23T04:20:41.550+0000][1008277][info][gc,heap,exit]   region size 16384K, 2 young (32768K), 0 survivors (0K)
[2025-02-23T04:20:41.550+0000][1008277][info][gc,heap,exit]  Metaspace       used 50K, committed 128K, reserved 1114112K
[2025-02-23T04:20:41.550+0000][1008277][info][gc,heap,exit]   class space    used 2K, committed 64K, reserved 1048576K
