[2025-02-23T04:20:41.582+0000][1008294][info][gc,init] CardTable entry size: 512
[2025-02-23T04:20:41.582+0000][1008294][info][gc     ] Using G1
[2025-02-23T04:20:42.912+0000][1008294][info][gc,init] Version: 20.0.1+9-29 (release)
[2025-02-23T04:20:42.912+0000][1008294][info][gc,init] CPUs: 36 total, 36 available
[2025-02-23T04:20:42.913+0000][1008294][info][gc,init] Memory: 125G
[2025-02-23T04:20:42.913+0000][1008294][info][gc,init] Large Page Support: Disabled
[2025-02-23T04:20:42.913+0000][1008294][info][gc,init] NUMA Support: Disabled
[2025-02-23T04:20:42.913+0000][1008294][info][gc,init] Compressed Oops: Enabled (Non-zero disjoint base)
[2025-02-23T04:20:42.913+0000][1008294][info][gc,init] Heap Region Size: 16M
[2025-02-23T04:20:42.913+0000][1008294][info][gc,init] Heap Min Capacity: 31G
[2025-02-23T04:20:42.913+0000][1008294][info][gc,init] Heap Initial Capacity: 31G
[2025-02-23T04:20:42.913+0000][1008294][info][gc,init] Heap Max Capacity: 31G
[2025-02-23T04:20:42.913+0000][1008294][info][gc,init] Pre-touch: Enabled
[2025-02-23T04:20:42.913+0000][1008294][info][gc,init] Parallel Workers: 25
[2025-02-23T04:20:42.913+0000][1008294][info][gc,init] Concurrent Workers: 6
[2025-02-23T04:20:42.913+0000][1008294][info][gc,init] Concurrent Refinement Workers: 25
[2025-02-23T04:20:42.913+0000][1008294][info][gc,init] Periodic GC: Disabled
[2025-02-23T04:20:42.913+0000][1008294][info][gc,metaspace] CDS archive(s) mapped at: [0x0000000800000000-0x0000000800c73000-0x0000000800c73000), size 13053952, SharedBaseAddress: 0x0000000800000000, ArchiveRelocationMode: 0.
[2025-02-23T04:20:42.913+0000][1008294][info][gc,metaspace] Compressed class space mapped at: 0x0000000801000000-0x0000000841000000, reserved size: 1073741824
[2025-02-23T04:20:42.913+0000][1008294][info][gc,metaspace] Narrow klass base: 0x0000000800000000, Narrow klass shift: 0, Narrow klass range: 0x100000000
[2025-02-23T04:20:43.172+0000][1008294][info][safepoint   ] Safepoint "ICBufferFull", Time since last: 251276142 ns, Reaching safepoint: 5607 ns, Cleanup: 132723 ns, At safepoint: 2804 ns, Total: 141134 ns
[2025-02-23T04:20:43.550+0000][1008294][info][safepoint   ] Safepoint "ICBufferFull", Time since last: 377791723 ns, Reaching safepoint: 8413 ns, Cleanup: 155899 ns, At safepoint: 4083 ns, Total: 168395 ns
[2025-02-23T04:20:43.929+0000][1008294][info][safepoint   ] Safepoint "ICBufferFull", Time since last: 378776480 ns, Reaching safepoint: 7460 ns, Cleanup: 189732 ns, At safepoint: 3997 ns, Total: 201189 ns
[2025-02-23T04:20:44.279+0000][1008294][info][safepoint   ] Safepoint "ICBufferFull", Time since last: 350212687 ns, Reaching safepoint: 9719 ns, Cleanup: 178880 ns, At safepoint: 5830 ns, Total: 194429 ns
[2025-02-23T04:20:44.634+0000][1008294][info][safepoint   ] Safepoint "ICBufferFull", Time since last: 354887421 ns, Reaching safepoint: 8591 ns, Cleanup: 197268 ns, At safepoint: 5611 ns, Total: 211470 ns
[2025-02-23T04:20:45.246+0000][1008294][info][safepoint   ] Safepoint "ICBufferFull", Time since last: 611153302 ns, Reaching safepoint: 10764 ns, Cleanup: 170102 ns, At safepoint: 4893 ns, Total: 185759 ns
[2025-02-23T04:20:45.853+0000][1008294][info][safepoint   ] Safepoint "ICBufferFull", Time since last: 606690638 ns, Reaching safepoint: 7769 ns, Cleanup: 174845 ns, At safepoint: 3803 ns, Total: 186417 ns
[2025-02-23T04:20:45.874+0000][1008294][info][gc,start    ] GC(0) Pause Young (Concurrent Start) (Metadata GC Threshold)
[2025-02-23T04:20:45.874+0000][1008294][info][gc,task     ] GC(0) Using 25 workers of 25 for evacuation
[2025-02-23T04:20:45.874+0000][1008294][debug][gc,age      ] GC(0) Desired survivor size 109051904 bytes, new threshold 15 (max threshold 15)
[2025-02-23T04:20:45.881+0000][1008294][info ][gc,phases   ] GC(0)   Pre Evacuate Collection Set: 0.5ms
[2025-02-23T04:20:45.881+0000][1008294][info ][gc,phases   ] GC(0)   Merge Heap Roots: 0.3ms
[2025-02-23T04:20:45.881+0000][1008294][info ][gc,phases   ] GC(0)   Evacuate Collection Set: 4.8ms
[2025-02-23T04:20:45.881+0000][1008294][info ][gc,phases   ] GC(0)   Post Evacuate Collection Set: 1.4ms
[2025-02-23T04:20:45.881+0000][1008294][info ][gc,phases   ] GC(0)   Other: 0.1ms
[2025-02-23T04:20:45.881+0000][1008294][trace][gc,age      ] GC(0) Age table with threshold 15 (max threshold 15)
[2025-02-23T04:20:45.881+0000][1008294][trace][gc,age      ] GC(0) - age   1:   12100136 bytes,   12100136 total
[2025-02-23T04:20:45.881+0000][1008294][info ][gc,heap     ] GC(0) Eden regions: 22->0(98)
[2025-02-23T04:20:45.881+0000][1008294][info ][gc,heap     ] GC(0) Survivor regions: 0->1(13)
[2025-02-23T04:20:45.881+0000][1008294][info ][gc,heap     ] GC(0) Old regions: 0->0
[2025-02-23T04:20:45.881+0000][1008294][info ][gc,heap     ] GC(0) Archive regions: 2->2
[2025-02-23T04:20:45.881+0000][1008294][info ][gc,heap     ] GC(0) Humongous regions: 0->0
[2025-02-23T04:20:45.881+0000][1008294][info ][gc,metaspace] GC(0) Metaspace: 20951K(21504K)->20951K(21504K) NonClass: 18631K(18944K)->18631K(18944K) Class: 2320K(2560K)->2320K(2560K)
[2025-02-23T04:20:45.881+0000][1008294][info ][gc          ] GC(0) Pause Young (Concurrent Start) (Metadata GC Threshold) 359M->28M(31744M) 7.531ms
[2025-02-23T04:20:45.881+0000][1008294][info ][gc          ] GC(1) Concurrent Mark Cycle
[2025-02-23T04:20:45.881+0000][1008294][info ][gc,cpu      ] GC(0) User=0.06s Sys=0.01s Real=0.01s
[2025-02-23T04:20:45.881+0000][1008294][info ][gc,marking  ] GC(1) Concurrent Scan Root Regions
[2025-02-23T04:20:45.881+0000][1008294][info ][safepoint   ] Safepoint "CollectForMetadataAllocation", Time since last: 20911168 ns, Reaching safepoint: 11552 ns, Cleanup: 35268 ns, At safepoint: 7720999 ns, Total: 7767819 ns
[2025-02-23T04:20:45.888+0000][1008294][info ][gc,marking  ] GC(1) Concurrent Scan Root Regions 6.976ms
[2025-02-23T04:20:45.888+0000][1008294][info ][gc,marking  ] GC(1) Concurrent Mark
[2025-02-23T04:20:45.888+0000][1008294][info ][gc,marking  ] GC(1) Concurrent Mark From Roots
[2025-02-23T04:20:45.889+0000][1008294][info ][gc,task     ] GC(1) Using 6 workers of 6 for marking
[2025-02-23T04:20:45.890+0000][1008294][info ][gc,marking  ] GC(1) Concurrent Mark From Roots 2.089ms
[2025-02-23T04:20:45.890+0000][1008294][info ][gc,marking  ] GC(1) Concurrent Preclean
[2025-02-23T04:20:45.890+0000][1008294][info ][gc,marking  ] GC(1) Concurrent Preclean 0.011ms
[2025-02-23T04:20:45.891+0000][1008294][info ][gc,start    ] GC(1) Pause Remark
[2025-02-23T04:20:45.893+0000][1008294][info ][gc          ] GC(1) Pause Remark 44M->44M(31744M) 2.230ms
[2025-02-23T04:20:45.893+0000][1008294][info ][gc,cpu      ] GC(1) User=0.00s Sys=0.01s Real=0.00s
[2025-02-23T04:20:45.893+0000][1008294][info ][safepoint   ] Safepoint "G1PauseRemark", Time since last: 9127258 ns, Reaching safepoint: 9863 ns, Cleanup: 74176 ns, At safepoint: 2335094 ns, Total: 2419133 ns
[2025-02-23T04:20:45.893+0000][1008294][info ][gc,marking  ] GC(1) Concurrent Mark 4.624ms
[2025-02-23T04:20:45.893+0000][1008294][info ][gc,marking  ] GC(1) Concurrent Rebuild Remembered Sets and Scrub Regions
[2025-02-23T04:20:45.893+0000][1008294][info ][gc,marking  ] GC(1) Concurrent Rebuild Remembered Sets and Scrub Regions 0.333ms
[2025-02-23T04:20:45.894+0000][1008294][info ][gc,start    ] GC(1) Pause Cleanup
[2025-02-23T04:20:45.894+0000][1008294][info ][gc          ] GC(1) Pause Cleanup 44M->44M(31744M) 0.040ms
[2025-02-23T04:20:45.894+0000][1008294][info ][gc,cpu      ] GC(1) User=0.00s Sys=0.00s Real=0.00s
[2025-02-23T04:20:45.894+0000][1008294][info ][safepoint   ] Safepoint "G1PauseCleanup", Time since last: 432967 ns, Reaching safepoint: 75265 ns, Cleanup: 51775 ns, At safepoint: 73834 ns, Total: 200874 ns
[2025-02-23T04:20:45.894+0000][1008294][info ][gc,marking  ] GC(1) Concurrent Clear Claimed Marks
[2025-02-23T04:20:45.894+0000][1008294][info ][gc,marking  ] GC(1) Concurrent Clear Claimed Marks 0.050ms
[2025-02-23T04:20:45.894+0000][1008294][info ][gc,marking  ] GC(1) Concurrent Cleanup for Next Mark
[2025-02-23T04:20:45.912+0000][1008294][info ][gc,marking  ] GC(1) Concurrent Cleanup for Next Mark 18.103ms
[2025-02-23T04:20:45.912+0000][1008294][info ][gc          ] GC(1) Concurrent Mark Cycle 30.556ms
[2025-02-23T04:20:46.452+0000][1008294][info ][safepoint   ] Safepoint "ICBufferFull", Time since last: 558583775 ns, Reaching safepoint: 72975 ns, Cleanup: 199879 ns, At safepoint: 4984 ns, Total: 277838 ns
[2025-02-23T04:20:47.071+0000][1008294][info ][safepoint   ] Safepoint "ICBufferFull", Time since last: 618766986 ns, Reaching safepoint: 7655 ns, Cleanup: 185538 ns, At safepoint: 4298 ns, Total: 197491 ns
[2025-02-23T04:20:48.305+0000][1008294][info ][safepoint   ] Safepoint "ICBufferFull", Time since last: 1233147087 ns, Reaching safepoint: 7257 ns, Cleanup: 186091 ns, At safepoint: 6094 ns, Total: 199442 ns
[2025-02-23T04:20:49.305+0000][1008294][info ][safepoint   ] Safepoint "Cleanup", Time since last: 1000135873 ns, Reaching safepoint: 76585 ns, Cleanup: 145038 ns, At safepoint: 6077 ns, Total: 227700 ns
[2025-02-23T04:20:49.424+0000][1008294][info ][gc,start    ] GC(2) Pause Young (Concurrent Start) (Metadata GC Threshold)
[2025-02-23T04:20:49.424+0000][1008294][info ][gc,task     ] GC(2) Using 25 workers of 25 for evacuation
[2025-02-23T04:20:49.424+0000][1008294][debug][gc,age      ] GC(2) Desired survivor size 109051904 bytes, new threshold 15 (max threshold 15)
[2025-02-23T04:20:49.434+0000][1008294][info ][gc,phases   ] GC(2)   Pre Evacuate Collection Set: 0.5ms
[2025-02-23T04:20:49.434+0000][1008294][info ][gc,phases   ] GC(2)   Merge Heap Roots: 0.1ms
[2025-02-23T04:20:49.434+0000][1008294][info ][gc,phases   ] GC(2)   Evacuate Collection Set: 7.5ms
[2025-02-23T04:20:49.434+0000][1008294][info ][gc,phases   ] GC(2)   Post Evacuate Collection Set: 1.8ms
[2025-02-23T04:20:49.434+0000][1008294][info ][gc,phases   ] GC(2)   Other: 0.1ms
[2025-02-23T04:20:49.434+0000][1008294][trace][gc,age      ] GC(2) Age table with threshold 15 (max threshold 15)
[2025-02-23T04:20:49.434+0000][1008294][trace][gc,age      ] GC(2) - age   1:   19069232 bytes,   19069232 total
[2025-02-23T04:20:49.434+0000][1008294][trace][gc,age      ] GC(2) - age   2:   11088184 bytes,   30157416 total
[2025-02-23T04:20:49.434+0000][1008294][info ][gc,heap     ] GC(2) Eden regions: 74->0(97)
[2025-02-23T04:20:49.434+0000][1008294][info ][gc,heap     ] GC(2) Survivor regions: 1->2(13)
[2025-02-23T04:20:49.434+0000][1008294][info ][gc,heap     ] GC(2) Old regions: 0->0
[2025-02-23T04:20:49.434+0000][1008294][info ][gc,heap     ] GC(2) Archive regions: 2->2
[2025-02-23T04:20:49.434+0000][1008294][info ][gc,heap     ] GC(2) Humongous regions: 0->0
[2025-02-23T04:20:49.435+0000][1008294][info ][gc,metaspace] GC(2) Metaspace: 35267K(36160K)->35267K(36160K) NonClass: 31181K(31680K)->31181K(31680K) Class: 4086K(4480K)->4086K(4480K)
[2025-02-23T04:20:49.435+0000][1008294][info ][gc          ] GC(2) Pause Young (Concurrent Start) (Metadata GC Threshold) 1212M->46M(31744M) 10.437ms
[2025-02-23T04:20:49.435+0000][1008294][info ][gc,cpu      ] GC(2) User=0.12s Sys=0.01s Real=0.02s
[2025-02-23T04:20:49.435+0000][1008294][info ][gc          ] GC(3) Concurrent Mark Cycle
[2025-02-23T04:20:49.435+0000][1008294][info ][gc,marking  ] GC(3) Concurrent Scan Root Regions
[2025-02-23T04:20:49.435+0000][1008294][info ][safepoint   ] Safepoint "CollectForMetadataAllocation", Time since last: 118899502 ns, Reaching safepoint: 5976 ns, Cleanup: 87687 ns, At safepoint: 10592524 ns, Total: 10686187 ns
[2025-02-23T04:20:49.443+0000][1008294][info ][gc,marking  ] GC(3) Concurrent Scan Root Regions 8.483ms
[2025-02-23T04:20:49.443+0000][1008294][info ][gc,marking  ] GC(3) Concurrent Mark
[2025-02-23T04:20:49.443+0000][1008294][info ][gc,marking  ] GC(3) Concurrent Mark From Roots
[2025-02-23T04:20:49.443+0000][1008294][info ][gc,task     ] GC(3) Using 6 workers of 6 for marking
[2025-02-23T04:20:49.445+0000][1008294][info ][gc,marking  ] GC(3) Concurrent Mark From Roots 1.644ms
[2025-02-23T04:20:49.445+0000][1008294][info ][gc,marking  ] GC(3) Concurrent Preclean
[2025-02-23T04:20:49.445+0000][1008294][info ][gc,marking  ] GC(3) Concurrent Preclean 0.012ms
[2025-02-23T04:20:49.445+0000][1008294][info ][gc,start    ] GC(3) Pause Remark
[2025-02-23T04:20:49.449+0000][1008294][info ][gc          ] GC(3) Pause Remark 58M->58M(31744M) 3.993ms
[2025-02-23T04:20:49.449+0000][1008294][info ][gc,cpu      ] GC(3) User=0.03s Sys=0.01s Real=0.01s
[2025-02-23T04:20:49.449+0000][1008294][info ][safepoint   ] Safepoint "G1PauseRemark", Time since last: 10243356 ns, Reaching safepoint: 76072 ns, Cleanup: 59997 ns, At safepoint: 4114498 ns, Total: 4250567 ns
[2025-02-23T04:20:49.449+0000][1008294][info ][gc,marking  ] GC(3) Concurrent Mark 6.022ms
[2025-02-23T04:20:49.449+0000][1008294][info ][gc,marking  ] GC(3) Concurrent Rebuild Remembered Sets and Scrub Regions
[2025-02-23T04:20:49.450+0000][1008294][info ][gc,marking  ] GC(3) Concurrent Rebuild Remembered Sets and Scrub Regions 0.270ms
[2025-02-23T04:20:49.450+0000][1008294][info ][gc,start    ] GC(3) Pause Cleanup
[2025-02-23T04:20:49.450+0000][1008294][info ][gc          ] GC(3) Pause Cleanup 58M->58M(31744M) 0.039ms
[2025-02-23T04:20:49.450+0000][1008294][info ][gc,cpu      ] GC(3) User=0.00s Sys=0.00s Real=0.00s
[2025-02-23T04:20:49.450+0000][1008294][info ][safepoint   ] Safepoint "G1PauseCleanup", Time since last: 357060 ns, Reaching safepoint: 74400 ns, Cleanup: 53282 ns, At safepoint: 68027 ns, Total: 195709 ns
[2025-02-23T04:20:49.450+0000][1008294][info ][gc,marking  ] GC(3) Concurrent Clear Claimed Marks
[2025-02-23T04:20:49.450+0000][1008294][info ][gc,marking  ] GC(3) Concurrent Clear Claimed Marks 0.071ms
[2025-02-23T04:20:49.450+0000][1008294][info ][gc,marking  ] GC(3) Concurrent Cleanup for Next Mark
[2025-02-23T04:20:49.468+0000][1008294][info ][gc,marking  ] GC(3) Concurrent Cleanup for Next Mark 18.086ms
[2025-02-23T04:20:49.468+0000][1008294][info ][gc          ] GC(3) Concurrent Mark Cycle 33.379ms
[2025-02-23T04:20:50.266+0000][1008294][info ][safepoint   ] Safepoint "ICBufferFull", Time since last: 815793653 ns, Reaching safepoint: 9641 ns, Cleanup: 189032 ns, At safepoint: 4075 ns, Total: 202748 ns
[2025-02-23T04:20:50.826+0000][1008294][info ][safepoint   ] Safepoint "ICBufferFull", Time since last: 559658075 ns, Reaching safepoint: 145952 ns, Cleanup: 186646 ns, At safepoint: 6539 ns, Total: 339137 ns
[2025-02-23T04:20:51.826+0000][1008294][info ][safepoint   ] Safepoint "Cleanup", Time since last: 1000140618 ns, Reaching safepoint: 11062 ns, Cleanup: 89816 ns, At safepoint: 3863 ns, Total: 104741 ns
[2025-02-23T04:20:52.848+0000][1008294][info ][safepoint   ] Safepoint "Cleanup", Time since last: 1021580279 ns, Reaching safepoint: 4584 ns, Cleanup: 106237 ns, At safepoint: 3701 ns, Total: 114522 ns
[2025-02-23T04:20:53.328+0000][1008294][info ][safepoint   ] Safepoint "ICBufferFull", Time since last: 480097798 ns, Reaching safepoint: 10359 ns, Cleanup: 205155 ns, At safepoint: 6014 ns, Total: 221528 ns
[2025-02-23T04:20:54.021+0000][1008294][info ][gc,start    ] GC(4) Pause Young (Concurrent Start) (Metadata GC Threshold)
[2025-02-23T04:20:54.022+0000][1008294][info ][gc,task     ] GC(4) Using 25 workers of 25 for evacuation
[2025-02-23T04:20:54.022+0000][1008294][debug][gc,age      ] GC(4) Desired survivor size 109051904 bytes, new threshold 15 (max threshold 15)
[2025-02-23T04:20:54.040+0000][1008294][info ][gc,phases   ] GC(4)   Pre Evacuate Collection Set: 0.5ms
[2025-02-23T04:20:54.040+0000][1008294][info ][gc,phases   ] GC(4)   Merge Heap Roots: 0.1ms
[2025-02-23T04:20:54.040+0000][1008294][info ][gc,phases   ] GC(4)   Evacuate Collection Set: 15.9ms
[2025-02-23T04:20:54.040+0000][1008294][info ][gc,phases   ] GC(4)   Post Evacuate Collection Set: 2.3ms
[2025-02-23T04:20:54.041+0000][1008294][info ][gc,phases   ] GC(4)   Other: 0.1ms
[2025-02-23T04:20:54.041+0000][1008294][trace][gc,age      ] GC(4) Age table with threshold 15 (max threshold 15)
[2025-02-23T04:20:54.041+0000][1008294][trace][gc,age      ] GC(4) - age   1:   25294256 bytes,   25294256 total
[2025-02-23T04:20:54.041+0000][1008294][trace][gc,age      ] GC(4) - age   2:   18904792 bytes,   44199048 total
[2025-02-23T04:20:54.041+0000][1008294][trace][gc,age      ] GC(4) - age   3:   11017304 bytes,   55216352 total
[2025-02-23T04:20:54.041+0000][1008294][info ][gc,heap     ] GC(4) Eden regions: 31->0(95)
[2025-02-23T04:20:54.041+0000][1008294][info ][gc,heap     ] GC(4) Survivor regions: 2->4(13)
[2025-02-23T04:20:54.041+0000][1008294][info ][gc,heap     ] GC(4) Old regions: 0->0
[2025-02-23T04:20:54.041+0000][1008294][info ][gc,heap     ] GC(4) Archive regions: 2->2
[2025-02-23T04:20:54.041+0000][1008294][info ][gc,heap     ] GC(4) Humongous regions: 0->0
[2025-02-23T04:20:54.041+0000][1008294][info ][gc,metaspace] GC(4) Metaspace: 58947K(60416K)->58947K(60416K) NonClass: 51513K(52352K)->51513K(52352K) Class: 7433K(8064K)->7433K(8064K)
[2025-02-23T04:20:54.041+0000][1008294][info ][gc          ] GC(4) Pause Young (Concurrent Start) (Metadata GC Threshold) 542M->72M(31744M) 19.180ms
[2025-02-23T04:20:54.041+0000][1008294][info ][gc          ] GC(5) Concurrent Mark Cycle
[2025-02-23T04:20:54.041+0000][1008294][info ][gc,cpu      ] GC(4) User=0.23s Sys=0.02s Real=0.02s
[2025-02-23T04:20:54.041+0000][1008294][info ][gc,marking  ] GC(5) Concurrent Scan Root Regions
[2025-02-23T04:20:54.041+0000][1008294][info ][safepoint   ] Safepoint "CollectForMetadataAllocation", Time since last: 693297909 ns, Reaching safepoint: 7076 ns, Cleanup: 126432 ns, At safepoint: 19377593 ns, Total: 19511101 ns
[2025-02-23T04:20:54.057+0000][1008294][info ][gc,marking  ] GC(5) Concurrent Scan Root Regions 16.240ms
[2025-02-23T04:20:54.057+0000][1008294][info ][gc,marking  ] GC(5) Concurrent Mark
[2025-02-23T04:20:54.057+0000][1008294][info ][gc,marking  ] GC(5) Concurrent Mark From Roots
[2025-02-23T04:20:54.057+0000][1008294][info ][gc,task     ] GC(5) Using 6 workers of 6 for marking
[2025-02-23T04:20:54.059+0000][1008294][info ][gc,marking  ] GC(5) Concurrent Mark From Roots 1.631ms
[2025-02-23T04:20:54.059+0000][1008294][info ][gc,marking  ] GC(5) Concurrent Preclean
[2025-02-23T04:20:54.059+0000][1008294][info ][gc,marking  ] GC(5) Concurrent Preclean 0.011ms
[2025-02-23T04:20:54.059+0000][1008294][info ][gc,start    ] GC(5) Pause Remark
[2025-02-23T04:20:54.063+0000][1008294][info ][gc          ] GC(5) Pause Remark 84M->84M(31744M) 4.373ms
[2025-02-23T04:20:54.063+0000][1008294][info ][gc,cpu      ] GC(5) User=0.02s Sys=0.00s Real=0.00s
[2025-02-23T04:20:54.063+0000][1008294][info ][safepoint   ] Safepoint "G1PauseRemark", Time since last: 17910939 ns, Reaching safepoint: 76015 ns, Cleanup: 63570 ns, At safepoint: 4488150 ns, Total: 4627735 ns
[2025-02-23T04:20:54.063+0000][1008294][info ][gc,marking  ] GC(5) Concurrent Mark 6.371ms
[2025-02-23T04:20:54.063+0000][1008294][info ][gc,marking  ] GC(5) Concurrent Rebuild Remembered Sets and Scrub Regions
[2025-02-23T04:20:54.064+0000][1008294][info ][gc,marking  ] GC(5) Concurrent Rebuild Remembered Sets and Scrub Regions 0.313ms
[2025-02-23T04:20:54.064+0000][1008294][info ][gc,start    ] GC(5) Pause Cleanup
[2025-02-23T04:20:54.064+0000][1008294][info ][gc          ] GC(5) Pause Cleanup 84M->84M(31744M) 0.033ms
[2025-02-23T04:20:54.064+0000][1008294][info ][gc,cpu      ] GC(5) User=0.00s Sys=0.00s Real=0.00s
[2025-02-23T04:20:54.064+0000][1008294][info ][safepoint   ] Safepoint "G1PauseCleanup", Time since last: 419840 ns, Reaching safepoint: 79623 ns, Cleanup: 52807 ns, At safepoint: 64013 ns, Total: 196443 ns
[2025-02-23T04:20:54.064+0000][1008294][info ][gc,marking  ] GC(5) Concurrent Clear Claimed Marks
[2025-02-23T04:20:54.064+0000][1008294][info ][gc,marking  ] GC(5) Concurrent Clear Claimed Marks 0.125ms
[2025-02-23T04:20:54.064+0000][1008294][info ][gc,marking  ] GC(5) Concurrent Cleanup for Next Mark
[2025-02-23T04:20:54.082+0000][1008294][info ][gc,marking  ] GC(5) Concurrent Cleanup for Next Mark 17.925ms
[2025-02-23T04:20:54.082+0000][1008294][info ][gc          ] GC(5) Concurrent Mark Cycle 41.437ms
[2025-02-23T04:20:55.064+0000][1008294][info ][safepoint   ] Safepoint "Cleanup", Time since last: 1000109723 ns, Reaching safepoint: 80774 ns, Cleanup: 139273 ns, At safepoint: 6950 ns, Total: 226997 ns
[2025-02-23T04:20:56.124+0000][1008294][info ][safepoint   ] Safepoint "Cleanup", Time since last: 1059256186 ns, Reaching safepoint: 5709 ns, Cleanup: 149013 ns, At safepoint: 4803 ns, Total: 159525 ns
[2025-02-23T04:20:57.654+0000][1008294][info ][safepoint   ] Safepoint "Cleanup", Time since last: 1529952214 ns, Reaching safepoint: 200072 ns, Cleanup: 155344 ns, At safepoint: 10244 ns, Total: 365660 ns
[2025-02-23T04:20:58.663+0000][1008294][info ][safepoint   ] Safepoint "ICBufferFull", Time since last: 1009070396 ns, Reaching safepoint: 10319 ns, Cleanup: 177246 ns, At safepoint: 7710 ns, Total: 195275 ns
[2025-02-23T04:20:59.003+0000][1008294][info ][gc,start    ] GC(6) Pause Young (Concurrent Start) (Metadata GC Threshold)
[2025-02-23T04:20:59.003+0000][1008294][info ][gc,task     ] GC(6) Using 25 workers of 25 for evacuation
[2025-02-23T04:20:59.003+0000][1008294][debug][gc,age      ] GC(6) Desired survivor size 109051904 bytes, new threshold 15 (max threshold 15)
[2025-02-23T04:20:59.026+0000][1008294][info ][gc,phases   ] GC(6)   Pre Evacuate Collection Set: 0.5ms
[2025-02-23T04:20:59.026+0000][1008294][info ][gc,phases   ] GC(6)   Merge Heap Roots: 0.1ms
[2025-02-23T04:20:59.026+0000][1008294][info ][gc,phases   ] GC(6)   Evacuate Collection Set: 20.3ms
[2025-02-23T04:20:59.026+0000][1008294][info ][gc,phases   ] GC(6)   Post Evacuate Collection Set: 2.6ms
[2025-02-23T04:20:59.026+0000][1008294][info ][gc,phases   ] GC(6)   Other: 0.1ms
[2025-02-23T04:20:59.026+0000][1008294][trace][gc,age      ] GC(6) Age table with threshold 15 (max threshold 15)
[2025-02-23T04:20:59.026+0000][1008294][trace][gc,age      ] GC(6) - age   1:   17653920 bytes,   17653920 total
[2025-02-23T04:20:59.026+0000][1008294][trace][gc,age      ] GC(6) - age   2:   24738680 bytes,   42392600 total
[2025-02-23T04:20:59.026+0000][1008294][trace][gc,age      ] GC(6) - age   3:   18800672 bytes,   61193272 total
[2025-02-23T04:20:59.026+0000][1008294][trace][gc,age      ] GC(6) - age   4:   10987216 bytes,   72180488 total
[2025-02-23T04:20:59.026+0000][1008294][info ][gc,heap     ] GC(6) Eden regions: 30->0(94)
[2025-02-23T04:20:59.026+0000][1008294][info ][gc,heap     ] GC(6) Survivor regions: 4->5(13)
[2025-02-23T04:20:59.026+0000][1008294][info ][gc,heap     ] GC(6) Old regions: 0->0
[2025-02-23T04:20:59.026+0000][1008294][info ][gc,heap     ] GC(6) Archive regions: 2->2
[2025-02-23T04:20:59.026+0000][1008294][info ][gc,heap     ] GC(6) Humongous regions: 0->0
[2025-02-23T04:20:59.026+0000][1008294][info ][gc,metaspace] GC(6) Metaspace: 98435K(100800K)->98435K(100800K) NonClass: 85478K(86784K)->85478K(86784K) Class: 12956K(14016K)->12956K(14016K)
[2025-02-23T04:20:59.027+0000][1008294][info ][gc          ] GC(6) Pause Young (Concurrent Start) (Metadata GC Threshold) 552M->91M(31744M) 23.757ms
[2025-02-23T04:20:59.027+0000][1008294][info ][gc,cpu      ] GC(6) User=0.29s Sys=0.02s Real=0.03s
[2025-02-23T04:20:59.027+0000][1008294][info ][gc          ] GC(7) Concurrent Mark Cycle
[2025-02-23T04:20:59.027+0000][1008294][info ][gc,marking  ] GC(7) Concurrent Scan Root Regions
[2025-02-23T04:20:59.027+0000][1008294][info ][safepoint   ] Safepoint "CollectForMetadataAllocation", Time since last: 339349248 ns, Reaching safepoint: 10263 ns, Cleanup: 92088 ns, At safepoint: 23919036 ns, Total: 24021387 ns
[2025-02-23T04:20:59.044+0000][1008294][info ][gc,marking  ] GC(7) Concurrent Scan Root Regions 17.268ms
[2025-02-23T04:20:59.044+0000][1008294][info ][gc,marking  ] GC(7) Concurrent Mark
[2025-02-23T04:20:59.044+0000][1008294][info ][gc,marking  ] GC(7) Concurrent Mark From Roots
[2025-02-23T04:20:59.044+0000][1008294][info ][gc,task     ] GC(7) Using 6 workers of 6 for marking
[2025-02-23T04:20:59.046+0000][1008294][info ][gc,marking  ] GC(7) Concurrent Mark From Roots 1.658ms
[2025-02-23T04:20:59.046+0000][1008294][info ][gc,marking  ] GC(7) Concurrent Preclean
[2025-02-23T04:20:59.046+0000][1008294][info ][gc,marking  ] GC(7) Concurrent Preclean 0.011ms
[2025-02-23T04:20:59.046+0000][1008294][info ][gc,start    ] GC(7) Pause Remark
[2025-02-23T04:20:59.051+0000][1008294][info ][gc          ] GC(7) Pause Remark 107M->107M(31744M) 5.377ms
[2025-02-23T04:20:59.051+0000][1008294][info ][gc,cpu      ] GC(7) User=0.05s Sys=0.00s Real=0.01s
[2025-02-23T04:20:59.051+0000][1008294][info ][safepoint   ] Safepoint "G1PauseRemark", Time since last: 19012083 ns, Reaching safepoint: 78660 ns, Cleanup: 69677 ns, At safepoint: 5509660 ns, Total: 5657997 ns
[2025-02-23T04:20:59.051+0000][1008294][info ][gc,marking  ] GC(7) Concurrent Mark 7.436ms
[2025-02-23T04:20:59.051+0000][1008294][info ][gc,marking  ] GC(7) Concurrent Rebuild Remembered Sets and Scrub Regions
[2025-02-23T04:20:59.052+0000][1008294][info ][gc,marking  ] GC(7) Concurrent Rebuild Remembered Sets and Scrub Regions 0.307ms
[2025-02-23T04:20:59.052+0000][1008294][info ][gc,start    ] GC(7) Pause Cleanup
[2025-02-23T04:20:59.052+0000][1008294][info ][gc          ] GC(7) Pause Cleanup 107M->107M(31744M) 0.029ms
[2025-02-23T04:20:59.052+0000][1008294][info ][gc,cpu      ] GC(7) User=0.00s Sys=0.00s Real=0.00s
[2025-02-23T04:20:59.052+0000][1008294][info ][safepoint   ] Safepoint "G1PauseCleanup", Time since last: 416323 ns, Reaching safepoint: 6863 ns, Cleanup: 54924 ns, At safepoint: 61144 ns, Total: 122931 ns
[2025-02-23T04:20:59.052+0000][1008294][info ][gc,marking  ] GC(7) Concurrent Clear Claimed Marks
[2025-02-23T04:20:59.052+0000][1008294][info ][gc,marking  ] GC(7) Concurrent Clear Claimed Marks 0.195ms
[2025-02-23T04:20:59.052+0000][1008294][info ][gc,marking  ] GC(7) Concurrent Cleanup for Next Mark
[2025-02-23T04:20:59.071+0000][1008294][info ][gc,marking  ] GC(7) Concurrent Cleanup for Next Mark 18.616ms
[2025-02-23T04:20:59.071+0000][1008294][info ][gc          ] GC(7) Concurrent Mark Cycle 44.229ms
[2025-02-23T04:21:00.950+0000][1008294][info ][safepoint   ] Safepoint "Cleanup", Time since last: 1897853765 ns, Reaching safepoint: 10234 ns, Cleanup: 175641 ns, At safepoint: 4447 ns, Total: 190322 ns
[2025-02-23T04:21:02.028+0000][1008294][info ][gc,heap,exit] Heap
[2025-02-23T04:21:02.028+0000][1008294][info ][gc,heap,exit]  garbage-first heap   total 32505856K, used 307159K [0x0000001001000000, 0x00000017c1000000)
[2025-02-23T04:21:02.028+0000][1008294][info ][gc,heap,exit]   region size 16384K, 18 young (294912K), 5 survivors (81920K)
[2025-02-23T04:21:02.028+0000][1008294][info ][gc,heap,exit]  Metaspace       used 106364K, committed 109504K, reserved 1179648K
[2025-02-23T04:21:02.028+0000][1008294][info ][gc,heap,exit]   class space    used 14335K, committed 15808K, reserved 1048576K
