[2025-02-23T05:39:02.165+0000][1010696][info][gc,init] CardTable entry size: 512
[2025-02-23T05:39:02.165+0000][1010696][info][gc     ] Using G1
[2025-02-23T05:39:03.510+0000][1010696][info][gc,init] Version: 20.0.1+9-29 (release)
[2025-02-23T05:39:03.510+0000][1010696][info][gc,init] CPUs: 36 total, 36 available
[2025-02-23T05:39:03.511+0000][1010696][info][gc,init] Memory: 125G
[2025-02-23T05:39:03.511+0000][1010696][info][gc,init] Large Page Support: Disabled
[2025-02-23T05:39:03.511+0000][1010696][info][gc,init] NUMA Support: Disabled
[2025-02-23T05:39:03.511+0000][1010696][info][gc,init] Compressed Oops: Enabled (Non-zero disjoint base)
[2025-02-23T05:39:03.511+0000][1010696][info][gc,init] Heap Region Size: 16M
[2025-02-23T05:39:03.511+0000][1010696][info][gc,init] Heap Min Capacity: 31G
[2025-02-23T05:39:03.511+0000][1010696][info][gc,init] Heap Initial Capacity: 31G
[2025-02-23T05:39:03.511+0000][1010696][info][gc,init] Heap Max Capacity: 31G
[2025-02-23T05:39:03.511+0000][1010696][info][gc,init] Pre-touch: Enabled
[2025-02-23T05:39:03.511+0000][1010696][info][gc,init] Parallel Workers: 25
[2025-02-23T05:39:03.511+0000][1010696][info][gc,init] Concurrent Workers: 6
[2025-02-23T05:39:03.511+0000][1010696][info][gc,init] Concurrent Refinement Workers: 25
[2025-02-23T05:39:03.511+0000][1010696][info][gc,init] Periodic GC: Disabled
[2025-02-23T05:39:03.511+0000][1010696][info][gc,metaspace] CDS archive(s) mapped at: [0x0000000800000000-0x0000000800c73000-0x0000000800c73000), size 13053952, SharedBaseAddress: 0x0000000800000000, ArchiveRelocationMode: 0.
[2025-02-23T05:39:03.511+0000][1010696][info][gc,metaspace] Compressed class space mapped at: 0x0000000801000000-0x0000000841000000, reserved size: 1073741824
[2025-02-23T05:39:03.511+0000][1010696][info][gc,metaspace] Narrow klass base: 0x0000000800000000, Narrow klass shift: 0, Narrow klass range: 0x100000000
[2025-02-23T05:39:03.737+0000][1010696][info][safepoint   ] Safepoint "ICBufferFull", Time since last: 218081625 ns, Reaching safepoint: 8295 ns, Cleanup: 144867 ns, At safepoint: 3388 ns, Total: 156550 ns
[2025-02-23T05:39:04.129+0000][1010696][info][safepoint   ] Safepoint "ICBufferFull", Time since last: 391801231 ns, Reaching safepoint: 6500 ns, Cleanup: 185519 ns, At safepoint: 3473 ns, Total: 195492 ns
[2025-02-23T05:39:04.511+0000][1010696][info][safepoint   ] Safepoint "ICBufferFull", Time since last: 382336817 ns, Reaching safepoint: 7858 ns, Cleanup: 159227 ns, At safepoint: 3124 ns, Total: 170209 ns
[2025-02-23T05:39:04.863+0000][1010696][info][safepoint   ] Safepoint "ICBufferFull", Time since last: 351223384 ns, Reaching safepoint: 7298 ns, Cleanup: 191493 ns, At safepoint: 3812 ns, Total: 202603 ns
[2025-02-23T05:39:05.152+0000][1010696][info][safepoint   ] Safepoint "ICBufferFull", Time since last: 289576168 ns, Reaching safepoint: 10204 ns, Cleanup: 176252 ns, At safepoint: 5328 ns, Total: 191784 ns
[2025-02-23T05:39:05.838+0000][1010696][info][safepoint   ] Safepoint "ICBufferFull", Time since last: 685083099 ns, Reaching safepoint: 10288 ns, Cleanup: 201198 ns, At safepoint: 4347 ns, Total: 215833 ns
[2025-02-23T05:39:06.198+0000][1010696][info][safepoint   ] Safepoint "ICBufferFull", Time since last: 360237832 ns, Reaching safepoint: 11285 ns, Cleanup: 180439 ns, At safepoint: 5069 ns, Total: 196793 ns
[2025-02-23T05:39:06.506+0000][1010696][info][gc,start    ] GC(0) Pause Young (Concurrent Start) (Metadata GC Threshold)
[2025-02-23T05:39:06.506+0000][1010696][info][gc,task     ] GC(0) Using 25 workers of 25 for evacuation
[2025-02-23T05:39:06.506+0000][1010696][debug][gc,age      ] GC(0) Desired survivor size 109051904 bytes, new threshold 15 (max threshold 15)
[2025-02-23T05:39:06.513+0000][1010696][info ][gc,phases   ] GC(0)   Pre Evacuate Collection Set: 0.5ms
[2025-02-23T05:39:06.513+0000][1010696][info ][gc,phases   ] GC(0)   Merge Heap Roots: 0.3ms
[2025-02-23T05:39:06.513+0000][1010696][info ][gc,phases   ] GC(0)   Evacuate Collection Set: 4.5ms
[2025-02-23T05:39:06.513+0000][1010696][info ][gc,phases   ] GC(0)   Post Evacuate Collection Set: 1.4ms
[2025-02-23T05:39:06.513+0000][1010696][info ][gc,phases   ] GC(0)   Other: 0.1ms
[2025-02-23T05:39:06.513+0000][1010696][trace][gc,age      ] GC(0) Age table with threshold 15 (max threshold 15)
[2025-02-23T05:39:06.513+0000][1010696][trace][gc,age      ] GC(0) - age   1:   12101256 bytes,   12101256 total
[2025-02-23T05:39:06.513+0000][1010696][info ][gc,heap     ] GC(0) Eden regions: 22->0(98)
[2025-02-23T05:39:06.513+0000][1010696][info ][gc,heap     ] GC(0) Survivor regions: 0->1(13)
[2025-02-23T05:39:06.513+0000][1010696][info ][gc,heap     ] GC(0) Old regions: 0->0
[2025-02-23T05:39:06.513+0000][1010696][info ][gc,heap     ] GC(0) Archive regions: 2->2
[2025-02-23T05:39:06.513+0000][1010696][info ][gc,heap     ] GC(0) Humongous regions: 0->0
[2025-02-23T05:39:06.513+0000][1010696][info ][gc,metaspace] GC(0) Metaspace: 20973K(21504K)->20973K(21504K) NonClass: 18652K(18944K)->18652K(18944K) Class: 2321K(2560K)->2321K(2560K)
[2025-02-23T05:39:06.513+0000][1010696][info ][gc          ] GC(0) Pause Young (Concurrent Start) (Metadata GC Threshold) 367M->28M(31744M) 7.157ms
[2025-02-23T05:39:06.513+0000][1010696][info ][gc,cpu      ] GC(0) User=0.07s Sys=0.00s Real=0.01s
[2025-02-23T05:39:06.513+0000][1010696][info ][gc          ] GC(1) Concurrent Mark Cycle
[2025-02-23T05:39:06.513+0000][1010696][info ][gc,marking  ] GC(1) Concurrent Scan Root Regions
[2025-02-23T05:39:06.513+0000][1010696][info ][safepoint   ] Safepoint "CollectForMetadataAllocation", Time since last: 307290337 ns, Reaching safepoint: 10598 ns, Cleanup: 92864 ns, At safepoint: 7291526 ns, Total: 7394988 ns
[2025-02-23T05:39:06.520+0000][1010696][info ][gc,marking  ] GC(1) Concurrent Scan Root Regions 7.064ms
[2025-02-23T05:39:06.520+0000][1010696][info ][gc,marking  ] GC(1) Concurrent Mark
[2025-02-23T05:39:06.520+0000][1010696][info ][gc,marking  ] GC(1) Concurrent Mark From Roots
[2025-02-23T05:39:06.520+0000][1010696][info ][gc,task     ] GC(1) Using 6 workers of 6 for marking
[2025-02-23T05:39:06.522+0000][1010696][info ][gc,marking  ] GC(1) Concurrent Mark From Roots 2.075ms
[2025-02-23T05:39:06.522+0000][1010696][info ][gc,marking  ] GC(1) Concurrent Preclean
[2025-02-23T05:39:06.522+0000][1010696][info ][gc,marking  ] GC(1) Concurrent Preclean 0.011ms
[2025-02-23T05:39:06.522+0000][1010696][info ][gc,start    ] GC(1) Pause Remark
[2025-02-23T05:39:06.524+0000][1010696][info ][gc          ] GC(1) Pause Remark 44M->44M(31744M) 2.235ms
[2025-02-23T05:39:06.524+0000][1010696][info ][gc,cpu      ] GC(1) User=0.02s Sys=0.00s Real=0.00s
[2025-02-23T05:39:06.525+0000][1010696][info ][safepoint   ] Safepoint "G1PauseRemark", Time since last: 9262598 ns, Reaching safepoint: 9020 ns, Cleanup: 66875 ns, At safepoint: 2345219 ns, Total: 2421114 ns
[2025-02-23T05:39:06.525+0000][1010696][info ][gc,marking  ] GC(1) Concurrent Mark 4.620ms
[2025-02-23T05:39:06.525+0000][1010696][info ][gc,marking  ] GC(1) Concurrent Rebuild Remembered Sets and Scrub Regions
[2025-02-23T05:39:06.525+0000][1010696][info ][gc,marking  ] GC(1) Concurrent Rebuild Remembered Sets and Scrub Regions 0.333ms
[2025-02-23T05:39:06.525+0000][1010696][info ][gc,start    ] GC(1) Pause Cleanup
[2025-02-23T05:39:06.525+0000][1010696][info ][gc          ] GC(1) Pause Cleanup 44M->44M(31744M) 0.032ms
[2025-02-23T05:39:06.525+0000][1010696][info ][gc,cpu      ] GC(1) User=0.00s Sys=0.00s Real=0.00s
[2025-02-23T05:39:06.525+0000][1010696][info ][safepoint   ] Safepoint "G1PauseCleanup", Time since last: 429308 ns, Reaching safepoint: 7242 ns, Cleanup: 51627 ns, At safepoint: 61071 ns, Total: 119940 ns
[2025-02-23T05:39:06.525+0000][1010696][info ][gc,marking  ] GC(1) Concurrent Clear Claimed Marks
[2025-02-23T05:39:06.525+0000][1010696][info ][gc,marking  ] GC(1) Concurrent Clear Claimed Marks 0.051ms
[2025-02-23T05:39:06.525+0000][1010696][info ][gc,marking  ] GC(1) Concurrent Cleanup for Next Mark
[2025-02-23T05:39:06.543+0000][1010696][info ][gc,marking  ] GC(1) Concurrent Cleanup for Next Mark 17.924ms
[2025-02-23T05:39:06.543+0000][1010696][info ][gc          ] GC(1) Concurrent Mark Cycle 30.404ms
[2025-02-23T05:39:07.093+0000][1010696][info ][safepoint   ] Safepoint "ICBufferFull", Time since last: 567404682 ns, Reaching safepoint: 6164 ns, Cleanup: 209741 ns, At safepoint: 5182 ns, Total: 221087 ns
[2025-02-23T05:39:07.843+0000][1010696][info ][safepoint   ] Safepoint "ICBufferFull", Time since last: 749841856 ns, Reaching safepoint: 31474 ns, Cleanup: 171448 ns, At safepoint: 4451 ns, Total: 207373 ns
[2025-02-23T05:39:09.022+0000][1010696][info ][safepoint   ] Safepoint "ICBufferFull", Time since last: 1178844667 ns, Reaching safepoint: 7738 ns, Cleanup: 205506 ns, At safepoint: 10547 ns, Total: 223791 ns
[2025-02-23T05:39:10.022+0000][1010696][info ][safepoint   ] Safepoint "Cleanup", Time since last: 1000138143 ns, Reaching safepoint: 8286 ns, Cleanup: 160462 ns, At safepoint: 4101 ns, Total: 172849 ns
[2025-02-23T05:39:10.145+0000][1010696][info ][gc,start    ] GC(2) Pause Young (Concurrent Start) (Metadata GC Threshold)
[2025-02-23T05:39:10.145+0000][1010696][info ][gc,task     ] GC(2) Using 25 workers of 25 for evacuation
[2025-02-23T05:39:10.145+0000][1010696][debug][gc,age      ] GC(2) Desired survivor size 109051904 bytes, new threshold 15 (max threshold 15)
[2025-02-23T05:39:10.163+0000][1010696][info ][gc,phases   ] GC(2)   Pre Evacuate Collection Set: 0.7ms
[2025-02-23T05:39:10.163+0000][1010696][info ][gc,phases   ] GC(2)   Merge Heap Roots: 0.1ms
[2025-02-23T05:39:10.163+0000][1010696][info ][gc,phases   ] GC(2)   Evacuate Collection Set: 15.4ms
[2025-02-23T05:39:10.163+0000][1010696][info ][gc,phases   ] GC(2)   Post Evacuate Collection Set: 1.6ms
[2025-02-23T05:39:10.163+0000][1010696][info ][gc,phases   ] GC(2)   Other: 0.1ms
[2025-02-23T05:39:10.163+0000][1010696][trace][gc,age      ] GC(2) Age table with threshold 15 (max threshold 15)
[2025-02-23T05:39:10.163+0000][1010696][trace][gc,age      ] GC(2) - age   1:   19088552 bytes,   19088552 total
[2025-02-23T05:39:10.163+0000][1010696][trace][gc,age      ] GC(2) - age   2:   11089520 bytes,   30178072 total
[2025-02-23T05:39:10.163+0000][1010696][info ][gc,heap     ] GC(2) Eden regions: 85->0(97)
[2025-02-23T05:39:10.163+0000][1010696][info ][gc,heap     ] GC(2) Survivor regions: 1->2(13)
[2025-02-23T05:39:10.163+0000][1010696][info ][gc,heap     ] GC(2) Old regions: 0->0
[2025-02-23T05:39:10.163+0000][1010696][info ][gc,heap     ] GC(2) Archive regions: 2->2
[2025-02-23T05:39:10.163+0000][1010696][info ][gc,heap     ] GC(2) Humongous regions: 0->0
[2025-02-23T05:39:10.163+0000][1010696][info ][gc,metaspace] GC(2) Metaspace: 35288K(36160K)->35288K(36160K) NonClass: 31197K(31680K)->31197K(31680K) Class: 4091K(4480K)->4091K(4480K)
[2025-02-23T05:39:10.163+0000][1010696][info ][gc          ] GC(2) Pause Young (Concurrent Start) (Metadata GC Threshold) 1388M->46M(31744M) 18.128ms
[2025-02-23T05:39:10.163+0000][1010696][info ][gc          ] GC(3) Concurrent Mark Cycle
[2025-02-23T05:39:10.163+0000][1010696][info ][gc,cpu      ] GC(2) User=0.11s Sys=0.02s Real=0.02s
[2025-02-23T05:39:10.163+0000][1010696][info ][gc,marking  ] GC(3) Concurrent Scan Root Regions
[2025-02-23T05:39:10.163+0000][1010696][info ][safepoint   ] Safepoint "CollectForMetadataAllocation", Time since last: 122621353 ns, Reaching safepoint: 11202 ns, Cleanup: 97687 ns, At safepoint: 18301603 ns, Total: 18410492 ns
[2025-02-23T05:39:10.174+0000][1010696][info ][gc,marking  ] GC(3) Concurrent Scan Root Regions 10.701ms
[2025-02-23T05:39:10.174+0000][1010696][info ][gc,marking  ] GC(3) Concurrent Mark
[2025-02-23T05:39:10.174+0000][1010696][info ][gc,marking  ] GC(3) Concurrent Mark From Roots
[2025-02-23T05:39:10.174+0000][1010696][info ][gc,task     ] GC(3) Using 6 workers of 6 for marking
[2025-02-23T05:39:10.175+0000][1010696][info ][gc,marking  ] GC(3) Concurrent Mark From Roots 1.624ms
[2025-02-23T05:39:10.175+0000][1010696][info ][gc,marking  ] GC(3) Concurrent Preclean
[2025-02-23T05:39:10.175+0000][1010696][info ][gc,marking  ] GC(3) Concurrent Preclean 0.011ms
[2025-02-23T05:39:10.176+0000][1010696][info ][gc,start    ] GC(3) Pause Remark
[2025-02-23T05:39:10.180+0000][1010696][info ][gc          ] GC(3) Pause Remark 62M->62M(31744M) 4.240ms
[2025-02-23T05:39:10.180+0000][1010696][info ][gc,cpu      ] GC(3) User=0.02s Sys=0.01s Real=0.00s
[2025-02-23T05:39:10.180+0000][1010696][info ][safepoint   ] Safepoint "G1PauseRemark", Time since last: 12380606 ns, Reaching safepoint: 201243 ns, Cleanup: 57666 ns, At safepoint: 4378637 ns, Total: 4637546 ns
[2025-02-23T05:39:10.180+0000][1010696][info ][gc,marking  ] GC(3) Concurrent Mark 6.377ms
[2025-02-23T05:39:10.180+0000][1010696][info ][gc,marking  ] GC(3) Concurrent Rebuild Remembered Sets and Scrub Regions
[2025-02-23T05:39:10.181+0000][1010696][info ][gc,marking  ] GC(3) Concurrent Rebuild Remembered Sets and Scrub Regions 0.302ms
[2025-02-23T05:39:10.181+0000][1010696][info ][gc,start    ] GC(3) Pause Cleanup
[2025-02-23T05:39:10.181+0000][1010696][info ][gc          ] GC(3) Pause Cleanup 62M->62M(31744M) 0.035ms
[2025-02-23T05:39:10.181+0000][1010696][info ][gc,cpu      ] GC(3) User=0.00s Sys=0.00s Real=0.00s
[2025-02-23T05:39:10.181+0000][1010696][info ][safepoint   ] Safepoint "G1PauseCleanup", Time since last: 393788 ns, Reaching safepoint: 74817 ns, Cleanup: 49684 ns, At safepoint: 64489 ns, Total: 188990 ns
[2025-02-23T05:39:10.181+0000][1010696][info ][gc,marking  ] GC(3) Concurrent Clear Claimed Marks
[2025-02-23T05:39:10.181+0000][1010696][info ][gc,marking  ] GC(3) Concurrent Clear Claimed Marks 0.065ms
[2025-02-23T05:39:10.181+0000][1010696][info ][gc,marking  ] GC(3) Concurrent Cleanup for Next Mark
[2025-02-23T05:39:10.199+0000][1010696][info ][gc,marking  ] GC(3) Concurrent Cleanup for Next Mark 18.418ms
[2025-02-23T05:39:10.199+0000][1010696][info ][gc          ] GC(3) Concurrent Mark Cycle 36.295ms
[2025-02-23T05:39:11.144+0000][1010696][info ][safepoint   ] Safepoint "ICBufferFull", Time since last: 962680854 ns, Reaching safepoint: 11316 ns, Cleanup: 220599 ns, At safepoint: 5708 ns, Total: 237623 ns
[2025-02-23T05:39:11.620+0000][1010696][info ][safepoint   ] Safepoint "ICBufferFull", Time since last: 476204728 ns, Reaching safepoint: 9332 ns, Cleanup: 176833 ns, At safepoint: 5257 ns, Total: 191422 ns
[2025-02-23T05:39:12.620+0000][1010696][info ][safepoint   ] Safepoint "Cleanup", Time since last: 1000139472 ns, Reaching safepoint: 76329 ns, Cleanup: 92262 ns, At safepoint: 6152 ns, Total: 174743 ns
[2025-02-23T05:39:13.929+0000][1010696][info ][safepoint   ] Safepoint "ICBufferFull", Time since last: 1308728930 ns, Reaching safepoint: 8149 ns, Cleanup: 202735 ns, At safepoint: 5008 ns, Total: 215892 ns
[2025-02-23T05:39:14.763+0000][1010696][info ][gc,start    ] GC(4) Pause Young (Concurrent Start) (Metadata GC Threshold)
[2025-02-23T05:39:14.763+0000][1010696][info ][gc,task     ] GC(4) Using 25 workers of 25 for evacuation
[2025-02-23T05:39:14.764+0000][1010696][debug][gc,age      ] GC(4) Desired survivor size 109051904 bytes, new threshold 15 (max threshold 15)
[2025-02-23T05:39:14.782+0000][1010696][info ][gc,phases   ] GC(4)   Pre Evacuate Collection Set: 0.5ms
[2025-02-23T05:39:14.782+0000][1010696][info ][gc,phases   ] GC(4)   Merge Heap Roots: 0.1ms
[2025-02-23T05:39:14.782+0000][1010696][info ][gc,phases   ] GC(4)   Evacuate Collection Set: 15.7ms
[2025-02-23T05:39:14.782+0000][1010696][info ][gc,phases   ] GC(4)   Post Evacuate Collection Set: 2.2ms
[2025-02-23T05:39:14.782+0000][1010696][info ][gc,phases   ] GC(4)   Other: 0.1ms
[2025-02-23T05:39:14.782+0000][1010696][trace][gc,age      ] GC(4) Age table with threshold 15 (max threshold 15)
[2025-02-23T05:39:14.782+0000][1010696][trace][gc,age      ] GC(4) - age   1:   25160488 bytes,   25160488 total
[2025-02-23T05:39:14.782+0000][1010696][trace][gc,age      ] GC(4) - age   2:   18931824 bytes,   44092312 total
[2025-02-23T05:39:14.782+0000][1010696][trace][gc,age      ] GC(4) - age   3:   11017936 bytes,   55110248 total
[2025-02-23T05:39:14.782+0000][1010696][info ][gc,heap     ] GC(4) Eden regions: 31->0(95)
[2025-02-23T05:39:14.782+0000][1010696][info ][gc,heap     ] GC(4) Survivor regions: 2->4(13)
[2025-02-23T05:39:14.782+0000][1010696][info ][gc,heap     ] GC(4) Old regions: 0->0
[2025-02-23T05:39:14.782+0000][1010696][info ][gc,heap     ] GC(4) Archive regions: 2->2
[2025-02-23T05:39:14.782+0000][1010696][info ][gc,heap     ] GC(4) Humongous regions: 0->0
[2025-02-23T05:39:14.782+0000][1010696][info ][gc,metaspace] GC(4) Metaspace: 59034K(60416K)->59034K(60416K) NonClass: 51652K(52480K)->51652K(52480K) Class: 7382K(7936K)->7382K(7936K)
[2025-02-23T05:39:14.782+0000][1010696][info ][gc          ] GC(4) Pause Young (Concurrent Start) (Metadata GC Threshold) 534M->71M(31744M) 18.779ms
[2025-02-23T05:39:14.782+0000][1010696][info ][gc          ] GC(5) Concurrent Mark Cycle
[2025-02-23T05:39:14.782+0000][1010696][info ][gc,cpu      ] GC(4) User=0.21s Sys=0.02s Real=0.02s
[2025-02-23T05:39:14.782+0000][1010696][info ][gc,marking  ] GC(5) Concurrent Scan Root Regions
[2025-02-23T05:39:14.782+0000][1010696][info ][safepoint   ] Safepoint "CollectForMetadataAllocation", Time since last: 833886547 ns, Reaching safepoint: 8657 ns, Cleanup: 173251 ns, At safepoint: 18958858 ns, Total: 19140766 ns
[2025-02-23T05:39:14.799+0000][1010696][info ][gc,marking  ] GC(5) Concurrent Scan Root Regions 17.043ms
[2025-02-23T05:39:14.799+0000][1010696][info ][gc,marking  ] GC(5) Concurrent Mark
[2025-02-23T05:39:14.799+0000][1010696][info ][gc,marking  ] GC(5) Concurrent Mark From Roots
[2025-02-23T05:39:14.799+0000][1010696][info ][gc,task     ] GC(5) Using 6 workers of 6 for marking
[2025-02-23T05:39:14.801+0000][1010696][info ][gc,marking  ] GC(5) Concurrent Mark From Roots 1.675ms
[2025-02-23T05:39:14.801+0000][1010696][info ][gc,marking  ] GC(5) Concurrent Preclean
[2025-02-23T05:39:14.801+0000][1010696][info ][gc,marking  ] GC(5) Concurrent Preclean 0.012ms
[2025-02-23T05:39:14.801+0000][1010696][info ][gc,start    ] GC(5) Pause Remark
[2025-02-23T05:39:14.806+0000][1010696][info ][gc          ] GC(5) Pause Remark 87M->87M(31744M) 4.257ms
[2025-02-23T05:39:14.806+0000][1010696][info ][gc,cpu      ] GC(5) User=0.04s Sys=0.00s Real=0.00s
[2025-02-23T05:39:14.806+0000][1010696][info ][safepoint   ] Safepoint "G1PauseRemark", Time since last: 18772897 ns, Reaching safepoint: 75916 ns, Cleanup: 53309 ns, At safepoint: 4370970 ns, Total: 4500195 ns
[2025-02-23T05:39:14.806+0000][1010696][info ][gc,marking  ] GC(5) Concurrent Mark 6.295ms
[2025-02-23T05:39:14.806+0000][1010696][info ][gc,marking  ] GC(5) Concurrent Rebuild Remembered Sets and Scrub Regions
[2025-02-23T05:39:14.806+0000][1010696][info ][gc,marking  ] GC(5) Concurrent Rebuild Remembered Sets and Scrub Regions 0.284ms
[2025-02-23T05:39:14.806+0000][1010696][info ][gc,start    ] GC(5) Pause Cleanup
[2025-02-23T05:39:14.806+0000][1010696][info ][gc          ] GC(5) Pause Cleanup 87M->87M(31744M) 0.035ms
[2025-02-23T05:39:14.806+0000][1010696][info ][gc,cpu      ] GC(5) User=0.00s Sys=0.00s Real=0.00s
[2025-02-23T05:39:14.806+0000][1010696][info ][safepoint   ] Safepoint "G1PauseCleanup", Time since last: 396325 ns, Reaching safepoint: 79714 ns, Cleanup: 42988 ns, At safepoint: 65216 ns, Total: 187918 ns
[2025-02-23T05:39:14.806+0000][1010696][info ][gc,marking  ] GC(5) Concurrent Clear Claimed Marks
[2025-02-23T05:39:14.806+0000][1010696][info ][gc,marking  ] GC(5) Concurrent Clear Claimed Marks 0.120ms
[2025-02-23T05:39:14.806+0000][1010696][info ][gc,marking  ] GC(5) Concurrent Cleanup for Next Mark
[2025-02-23T05:39:14.824+0000][1010696][info ][gc,marking  ] GC(5) Concurrent Cleanup for Next Mark 17.763ms
[2025-02-23T05:39:14.824+0000][1010696][info ][gc          ] GC(5) Concurrent Mark Cycle 41.956ms
[2025-02-23T05:39:15.807+0000][1010696][info ][safepoint   ] Safepoint "Cleanup", Time since last: 1000113872 ns, Reaching safepoint: 79294 ns, Cleanup: 127943 ns, At safepoint: 5336 ns, Total: 212573 ns
[2025-02-23T05:39:16.852+0000][1010696][info ][safepoint   ] Safepoint "Cleanup", Time since last: 1045484144 ns, Reaching safepoint: 77611 ns, Cleanup: 144806 ns, At safepoint: 3723 ns, Total: 226140 ns
[2025-02-23T05:39:18.496+0000][1010696][info ][safepoint   ] Safepoint "Cleanup", Time since last: 1643449723 ns, Reaching safepoint: 331522 ns, Cleanup: 188513 ns, At safepoint: 7308 ns, Total: 527343 ns
[2025-02-23T05:39:19.506+0000][1010696][info ][safepoint   ] Safepoint "ICBufferFull", Time since last: 1009143806 ns, Reaching safepoint: 11466 ns, Cleanup: 184916 ns, At safepoint: 5101 ns, Total: 201483 ns
[2025-02-23T05:39:19.829+0000][1010696][info ][gc,start    ] GC(6) Pause Young (Concurrent Start) (Metadata GC Threshold)
[2025-02-23T05:39:19.829+0000][1010696][info ][gc,task     ] GC(6) Using 25 workers of 25 for evacuation
[2025-02-23T05:39:19.829+0000][1010696][debug][gc,age      ] GC(6) Desired survivor size 109051904 bytes, new threshold 15 (max threshold 15)
[2025-02-23T05:39:19.852+0000][1010696][info ][gc,phases   ] GC(6)   Pre Evacuate Collection Set: 0.5ms
[2025-02-23T05:39:19.852+0000][1010696][info ][gc,phases   ] GC(6)   Merge Heap Roots: 0.1ms
[2025-02-23T05:39:19.852+0000][1010696][info ][gc,phases   ] GC(6)   Evacuate Collection Set: 19.4ms
[2025-02-23T05:39:19.852+0000][1010696][info ][gc,phases   ] GC(6)   Post Evacuate Collection Set: 2.7ms
[2025-02-23T05:39:19.852+0000][1010696][info ][gc,phases   ] GC(6)   Other: 0.1ms
[2025-02-23T05:39:19.852+0000][1010696][trace][gc,age      ] GC(6) Age table with threshold 15 (max threshold 15)
[2025-02-23T05:39:19.852+0000][1010696][trace][gc,age      ] GC(6) - age   1:   17568360 bytes,   17568360 total
[2025-02-23T05:39:19.852+0000][1010696][trace][gc,age      ] GC(6) - age   2:   24597992 bytes,   42166352 total
[2025-02-23T05:39:19.852+0000][1010696][trace][gc,age      ] GC(6) - age   3:   18822656 bytes,   60989008 total
[2025-02-23T05:39:19.852+0000][1010696][trace][gc,age      ] GC(6) - age   4:   10988392 bytes,   71977400 total
[2025-02-23T05:39:19.852+0000][1010696][info ][gc,heap     ] GC(6) Eden regions: 30->0(94)
[2025-02-23T05:39:19.852+0000][1010696][info ][gc,heap     ] GC(6) Survivor regions: 4->5(13)
[2025-02-23T05:39:19.852+0000][1010696][info ][gc,heap     ] GC(6) Old regions: 0->0
[2025-02-23T05:39:19.852+0000][1010696][info ][gc,heap     ] GC(6) Archive regions: 2->2
[2025-02-23T05:39:19.852+0000][1010696][info ][gc,heap     ] GC(6) Humongous regions: 0->0
[2025-02-23T05:39:19.852+0000][1010696][info ][gc,metaspace] GC(6) Metaspace: 98687K(100928K)->98687K(100928K) NonClass: 85707K(86912K)->85707K(86912K) Class: 12980K(14016K)->12980K(14016K)
[2025-02-23T05:39:19.852+0000][1010696][info ][gc          ] GC(6) Pause Young (Concurrent Start) (Metadata GC Threshold) 551M->89M(31744M) 22.966ms
[2025-02-23T05:39:19.852+0000][1010696][info ][gc          ] GC(7) Concurrent Mark Cycle
[2025-02-23T05:39:19.852+0000][1010696][info ][gc,cpu      ] GC(6) User=0.29s Sys=0.02s Real=0.02s
[2025-02-23T05:39:19.852+0000][1010696][info ][gc,marking  ] GC(7) Concurrent Scan Root Regions
[2025-02-23T05:39:19.852+0000][1010696][info ][safepoint   ] Safepoint "CollectForMetadataAllocation", Time since last: 323305698 ns, Reaching safepoint: 12603 ns, Cleanup: 112202 ns, At safepoint: 23158874 ns, Total: 23283679 ns
[2025-02-23T05:39:19.869+0000][1010696][info ][gc,marking  ] GC(7) Concurrent Scan Root Regions 16.671ms
[2025-02-23T05:39:19.869+0000][1010696][info ][gc,marking  ] GC(7) Concurrent Mark
[2025-02-23T05:39:19.869+0000][1010696][info ][gc,marking  ] GC(7) Concurrent Mark From Roots
[2025-02-23T05:39:19.869+0000][1010696][info ][gc,task     ] GC(7) Using 6 workers of 6 for marking
[2025-02-23T05:39:19.870+0000][1010696][info ][gc,marking  ] GC(7) Concurrent Mark From Roots 1.628ms
[2025-02-23T05:39:19.870+0000][1010696][info ][gc,marking  ] GC(7) Concurrent Preclean
[2025-02-23T05:39:19.870+0000][1010696][info ][gc,marking  ] GC(7) Concurrent Preclean 0.012ms
[2025-02-23T05:39:19.871+0000][1010696][info ][gc,start    ] GC(7) Pause Remark
[2025-02-23T05:39:19.876+0000][1010696][info ][gc          ] GC(7) Pause Remark 105M->105M(31744M) 5.192ms
[2025-02-23T05:39:19.876+0000][1010696][info ][gc,cpu      ] GC(7) User=0.03s Sys=0.02s Real=0.01s
[2025-02-23T05:39:19.876+0000][1010696][info ][safepoint   ] Safepoint "G1PauseRemark", Time since last: 18336962 ns, Reaching safepoint: 12058 ns, Cleanup: 75885 ns, At safepoint: 5314102 ns, Total: 5402045 ns
[2025-02-23T05:39:19.876+0000][1010696][info ][gc,marking  ] GC(7) Concurrent Mark 7.161ms
[2025-02-23T05:39:19.876+0000][1010696][info ][gc,marking  ] GC(7) Concurrent Rebuild Remembered Sets and Scrub Regions
[2025-02-23T05:39:19.876+0000][1010696][info ][gc,marking  ] GC(7) Concurrent Rebuild Remembered Sets and Scrub Regions 0.326ms
[2025-02-23T05:39:19.877+0000][1010696][info ][gc,start    ] GC(7) Pause Cleanup
[2025-02-23T05:39:19.877+0000][1010696][info ][gc          ] GC(7) Pause Cleanup 105M->105M(31744M) 0.054ms
[2025-02-23T05:39:19.877+0000][1010696][info ][gc,cpu      ] GC(7) User=0.00s Sys=0.00s Real=0.00s
[2025-02-23T05:39:19.877+0000][1010696][info ][safepoint   ] Safepoint "G1PauseCleanup", Time since last: 439717 ns, Reaching safepoint: 75188 ns, Cleanup: 83054 ns, At safepoint: 98856 ns, Total: 257098 ns
[2025-02-23T05:39:19.877+0000][1010696][info ][gc,marking  ] GC(7) Concurrent Clear Claimed Marks
[2025-02-23T05:39:19.877+0000][1010696][info ][gc,marking  ] GC(7) Concurrent Clear Claimed Marks 0.217ms
[2025-02-23T05:39:19.877+0000][1010696][info ][gc,marking  ] GC(7) Concurrent Cleanup for Next Mark
[2025-02-23T05:39:19.895+0000][1010696][info ][gc,marking  ] GC(7) Concurrent Cleanup for Next Mark 17.808ms
[2025-02-23T05:39:19.895+0000][1010696][info ][gc          ] GC(7) Concurrent Mark Cycle 42.766ms
[2025-02-23T05:39:20.897+0000][1010696][info ][safepoint   ] Safepoint "Cleanup", Time since last: 1020346790 ns, Reaching safepoint: 7647 ns, Cleanup: 205565 ns, At safepoint: 3193 ns, Total: 216405 ns
[2025-02-23T05:39:22.133+0000][1010696][info ][safepoint   ] Safepoint "ICBufferFull", Time since last: 1235842405 ns, Reaching safepoint: 19831 ns, Cleanup: 211493 ns, At safepoint: 5428 ns, Total: 236752 ns
[2025-02-23T05:39:23.134+0000][1010696][info ][safepoint   ] Safepoint "Cleanup", Time since last: 1000156611 ns, Reaching safepoint: 19075 ns, Cleanup: 97383 ns, At safepoint: 5405 ns, Total: 121863 ns
[2025-02-23T05:39:24.134+0000][1010696][info ][safepoint   ] Safepoint "Cleanup", Time since last: 1000162101 ns, Reaching safepoint: 20236 ns, Cleanup: 74418 ns, At safepoint: 3960 ns, Total: 98614 ns
[2025-02-23T05:39:27.134+0000][1010696][info ][safepoint   ] Safepoint "Cleanup", Time since last: 3000341296 ns, Reaching safepoint: 21443 ns, Cleanup: 76589 ns, At safepoint: 4145 ns, Total: 102177 ns
[2025-02-23T05:39:31.135+0000][1010696][info ][safepoint   ] Safepoint "Cleanup", Time since last: 4000432682 ns, Reaching safepoint: 20519 ns, Cleanup: 79489 ns, At safepoint: 4996 ns, Total: 105004 ns
[2025-02-23T05:39:36.135+0000][1010696][info ][safepoint   ] Safepoint "Cleanup", Time since last: 5000505326 ns, Reaching safepoint: 18430 ns, Cleanup: 71543 ns, At safepoint: 5274 ns, Total: 95247 ns
[2025-02-23T05:39:37.136+0000][1010696][info ][safepoint   ] Safepoint "Cleanup", Time since last: 1000149536 ns, Reaching safepoint: 18869 ns, Cleanup: 71298 ns, At safepoint: 5186 ns, Total: 95353 ns
[2025-02-23T05:39:38.136+0000][1010696][info ][safepoint   ] Safepoint "Cleanup", Time since last: 1000152583 ns, Reaching safepoint: 24736 ns, Cleanup: 69687 ns, At safepoint: 5686 ns, Total: 100109 ns
[2025-02-23T05:39:41.136+0000][1010696][info ][safepoint   ] Safepoint "Cleanup", Time since last: 3000322270 ns, Reaching safepoint: 20195 ns, Cleanup: 77062 ns, At safepoint: 3790 ns, Total: 101047 ns
[2025-02-23T05:39:52.137+0000][1010696][info ][safepoint   ] Safepoint "Cleanup", Time since last: 11001017098 ns, Reaching safepoint: 20427 ns, Cleanup: 77025 ns, At safepoint: 5397 ns, Total: 102849 ns
[2025-02-23T05:39:55.138+0000][1010696][info ][safepoint   ] Safepoint "Cleanup", Time since last: 3000313692 ns, Reaching safepoint: 17006 ns, Cleanup: 60652 ns, At safepoint: 7887 ns, Total: 85545 ns
[2025-02-23T05:39:56.138+0000][1010696][info ][safepoint   ] Safepoint "Cleanup", Time since last: 1000165260 ns, Reaching safepoint: 17746 ns, Cleanup: 62993 ns, At safepoint: 5997 ns, Total: 86736 ns
[2025-02-23T05:39:57.138+0000][1010696][info ][safepoint   ] Safepoint "Cleanup", Time since last: 1000158003 ns, Reaching safepoint: 20593 ns, Cleanup: 69745 ns, At safepoint: 3848 ns, Total: 94186 ns
[2025-02-23T05:39:59.139+0000][1010696][info ][safepoint   ] Safepoint "Cleanup", Time since last: 2000276181 ns, Reaching safepoint: 17783 ns, Cleanup: 57894 ns, At safepoint: 3926 ns, Total: 79603 ns
[2025-02-23T05:40:00.139+0000][1010696][info ][safepoint   ] Safepoint "Cleanup", Time since last: 1000143970 ns, Reaching safepoint: 17643 ns, Cleanup: 59841 ns, At safepoint: 5638 ns, Total: 83122 ns
[2025-02-23T05:40:01.139+0000][1010696][info ][safepoint   ] Safepoint "Cleanup", Time since last: 1000152289 ns, Reaching safepoint: 16871 ns, Cleanup: 62029 ns, At safepoint: 3982 ns, Total: 82882 ns
[2025-02-23T05:40:11.140+0000][1010696][info ][safepoint   ] Safepoint "Cleanup", Time since last: 10000915818 ns, Reaching safepoint: 16096 ns, Cleanup: 62792 ns, At safepoint: 5376 ns, Total: 84264 ns
[2025-02-23T05:40:45.143+0000][1010696][info ][safepoint   ] Safepoint "Cleanup", Time since last: 34002823181 ns, Reaching safepoint: 16520 ns, Cleanup: 60997 ns, At safepoint: 4104 ns, Total: 81621 ns
[2025-02-23T05:40:59.144+0000][1010696][info ][safepoint   ] Safepoint "Cleanup", Time since last: 14001138304 ns, Reaching safepoint: 17066 ns, Cleanup: 62796 ns, At safepoint: 4753 ns, Total: 84615 ns
[2025-02-23T05:41:01.145+0000][1010696][info ][safepoint   ] Safepoint "Cleanup", Time since last: 2000224093 ns, Reaching safepoint: 18844 ns, Cleanup: 69954 ns, At safepoint: 6993 ns, Total: 95791 ns
[2025-02-23T05:41:06.145+0000][1010696][info ][safepoint   ] Safepoint "Cleanup", Time since last: 5000430482 ns, Reaching safepoint: 19268 ns, Cleanup: 58682 ns, At safepoint: 5823 ns, Total: 83773 ns
[2025-02-23T05:41:11.146+0000][1010696][info ][safepoint   ] Safepoint "Cleanup", Time since last: 5000430453 ns, Reaching safepoint: 19704 ns, Cleanup: 54587 ns, At safepoint: 3817 ns, Total: 78108 ns
[2025-02-23T05:41:14.146+0000][1010696][info ][safepoint   ] Safepoint "Cleanup", Time since last: 3000293316 ns, Reaching safepoint: 15731 ns, Cleanup: 71545 ns, At safepoint: 3774 ns, Total: 91050 ns
[2025-02-23T05:41:22.147+0000][1010696][info ][safepoint   ] Safepoint "Cleanup", Time since last: 8000698982 ns, Reaching safepoint: 20318 ns, Cleanup: 79885 ns, At safepoint: 4316 ns, Total: 104519 ns
[2025-02-23T05:41:26.147+0000][1010696][info ][safepoint   ] Safepoint "Cleanup", Time since last: 4000358685 ns, Reaching safepoint: 16063 ns, Cleanup: 77746 ns, At safepoint: 4166 ns, Total: 97975 ns
[2025-02-23T05:41:27.147+0000][1010696][info ][safepoint   ] Safepoint "Cleanup", Time since last: 1000140795 ns, Reaching safepoint: 19158 ns, Cleanup: 65348 ns, At safepoint: 3619 ns, Total: 88125 ns
[2025-02-23T05:41:29.148+0000][1010696][info ][safepoint   ] Safepoint "Cleanup", Time since last: 2000210599 ns, Reaching safepoint: 18954 ns, Cleanup: 66434 ns, At safepoint: 5553 ns, Total: 90941 ns
[2025-02-23T05:41:46.149+0000][1010696][info ][safepoint   ] Safepoint "Cleanup", Time since last: 17001320052 ns, Reaching safepoint: 16707 ns, Cleanup: 57519 ns, At safepoint: 5837 ns, Total: 80063 ns
[2025-02-23T05:42:11.151+0000][1010696][info ][safepoint   ] Safepoint "Cleanup", Time since last: 25001999648 ns, Reaching safepoint: 16471 ns, Cleanup: 58795 ns, At safepoint: 5013 ns, Total: 80279 ns
[2025-02-23T05:42:21.152+0000][1010696][info ][safepoint   ] Safepoint "Cleanup", Time since last: 10000865717 ns, Reaching safepoint: 16463 ns, Cleanup: 63525 ns, At safepoint: 3308 ns, Total: 83296 ns
[2025-02-23T05:42:22.152+0000][1010696][info ][safepoint   ] Safepoint "Cleanup", Time since last: 1000142968 ns, Reaching safepoint: 14947 ns, Cleanup: 66395 ns, At safepoint: 5491 ns, Total: 86833 ns
[2025-02-23T05:42:24.153+0000][1010696][info ][safepoint   ] Safepoint "Cleanup", Time since last: 2000220288 ns, Reaching safepoint: 15854 ns, Cleanup: 61360 ns, At safepoint: 3357 ns, Total: 80571 ns
[2025-02-23T05:42:31.153+0000][1010696][info ][safepoint   ] Safepoint "Cleanup", Time since last: 7000643717 ns, Reaching safepoint: 17199 ns, Cleanup: 63915 ns, At safepoint: 4186 ns, Total: 85300 ns
[2025-02-23T05:42:43.155+0000][1010696][info ][safepoint   ] Safepoint "Cleanup", Time since last: 12001038498 ns, Reaching safepoint: 16335 ns, Cleanup: 85249 ns, At safepoint: 4052 ns, Total: 105636 ns
[2025-02-23T05:42:51.155+0000][1010696][info ][safepoint   ] Safepoint "Cleanup", Time since last: 8000598029 ns, Reaching safepoint: 16285 ns, Cleanup: 73203 ns, At safepoint: 4539 ns, Total: 94027 ns
[2025-02-23T05:42:52.156+0000][1010696][info ][safepoint   ] Safepoint "Cleanup", Time since last: 1000160825 ns, Reaching safepoint: 16152 ns, Cleanup: 67570 ns, At safepoint: 3907 ns, Total: 87629 ns
[2025-02-23T05:43:01.156+0000][1010696][info ][safepoint   ] Safepoint "Cleanup", Time since last: 9000837416 ns, Reaching safepoint: 16436 ns, Cleanup: 73463 ns, At safepoint: 4937 ns, Total: 94836 ns
[2025-02-23T05:43:11.157+0000][1010696][info ][safepoint   ] Safepoint "Cleanup", Time since last: 10000883292 ns, Reaching safepoint: 16377 ns, Cleanup: 59018 ns, At safepoint: 2961 ns, Total: 78356 ns
[2025-02-23T05:43:21.158+0000][1010696][info ][safepoint   ] Safepoint "Cleanup", Time since last: 10000918498 ns, Reaching safepoint: 19248 ns, Cleanup: 65632 ns, At safepoint: 4434 ns, Total: 89314 ns
[2025-02-23T05:43:26.159+0000][1010696][info ][safepoint   ] Safepoint "Cleanup", Time since last: 5000438115 ns, Reaching safepoint: 15742 ns, Cleanup: 67642 ns, At safepoint: 4519 ns, Total: 87903 ns
[2025-02-23T05:43:41.160+0000][1010696][info ][safepoint   ] Safepoint "Cleanup", Time since last: 15001234139 ns, Reaching safepoint: 15695 ns, Cleanup: 76706 ns, At safepoint: 3434 ns, Total: 95835 ns
[2025-02-23T05:43:46.161+0000][1010696][info ][safepoint   ] Safepoint "Cleanup", Time since last: 5000388920 ns, Reaching safepoint: 16040 ns, Cleanup: 63591 ns, At safepoint: 5098 ns, Total: 84729 ns
[2025-02-23T05:43:52.161+0000][1010696][info ][safepoint   ] Safepoint "Cleanup", Time since last: 6000482002 ns, Reaching safepoint: 15869 ns, Cleanup: 65034 ns, At safepoint: 4165 ns, Total: 85068 ns
[2025-02-23T05:44:22.164+0000][1010696][info ][safepoint   ] Safepoint "Cleanup", Time since last: 30002560645 ns, Reaching safepoint: 14879 ns, Cleanup: 72770 ns, At safepoint: 3516 ns, Total: 91165 ns
[2025-02-23T05:44:47.166+0000][1010696][info ][safepoint   ] Safepoint "Cleanup", Time since last: 25002109730 ns, Reaching safepoint: 17859 ns, Cleanup: 76239 ns, At safepoint: 3893 ns, Total: 97991 ns
[2025-02-23T05:44:53.167+0000][1010696][info ][safepoint   ] Safepoint "Cleanup", Time since last: 6000557165 ns, Reaching safepoint: 18932 ns, Cleanup: 74587 ns, At safepoint: 3497 ns, Total: 97016 ns
[2025-02-23T05:45:22.169+0000][1010696][info ][safepoint   ] Safepoint "Cleanup", Time since last: 29002475823 ns, Reaching safepoint: 20094 ns, Cleanup: 64023 ns, At safepoint: 5050 ns, Total: 89167 ns
[2025-02-23T05:45:26.170+0000][1010696][info ][safepoint   ] Safepoint "Cleanup", Time since last: 4000399277 ns, Reaching safepoint: 16411 ns, Cleanup: 83929 ns, At safepoint: 3889 ns, Total: 104229 ns
[2025-02-23T05:46:09.173+0000][1010696][info ][safepoint   ] Safepoint "Cleanup", Time since last: 43003236046 ns, Reaching safepoint: 15525 ns, Cleanup: 65513 ns, At safepoint: 4019 ns, Total: 85057 ns
[2025-02-23T05:46:51.176+0000][1010696][info ][safepoint   ] Safepoint "Cleanup", Time since last: 42003025992 ns, Reaching safepoint: 19324 ns, Cleanup: 68855 ns, At safepoint: 5065 ns, Total: 93244 ns
[2025-02-23T05:47:11.178+0000][1010696][info ][safepoint   ] Safepoint "Cleanup", Time since last: 20001553319 ns, Reaching safepoint: 16381 ns, Cleanup: 68321 ns, At safepoint: 5237 ns, Total: 89939 ns
[2025-02-23T05:47:22.179+0000][1010696][info ][safepoint   ] Safepoint "Cleanup", Time since last: 11000874290 ns, Reaching safepoint: 16040 ns, Cleanup: 57967 ns, At safepoint: 4997 ns, Total: 79004 ns
[2025-02-23T05:47:52.182+0000][1010696][info ][safepoint   ] Safepoint "Cleanup", Time since last: 30002514309 ns, Reaching safepoint: 16896 ns, Cleanup: 61281 ns, At safepoint: 4739 ns, Total: 82916 ns
[2025-02-23T05:48:01.182+0000][1010696][info ][safepoint   ] Safepoint "Cleanup", Time since last: 9000809975 ns, Reaching safepoint: 20267 ns, Cleanup: 74619 ns, At safepoint: 5695 ns, Total: 100581 ns
[2025-02-23T05:49:22.188+0000][1010696][info ][safepoint   ] Safepoint "Cleanup", Time since last: 81005747137 ns, Reaching safepoint: 18045 ns, Cleanup: 72268 ns, At safepoint: 4838 ns, Total: 95151 ns
[2025-02-23T05:49:33.189+0000][1010696][info ][safepoint   ] Safepoint "Cleanup", Time since last: 11000843660 ns, Reaching safepoint: 15824 ns, Cleanup: 67012 ns, At safepoint: 3445 ns, Total: 86281 ns
[2025-02-23T05:49:56.191+0000][1010696][info ][safepoint   ] Safepoint "Cleanup", Time since last: 23001747614 ns, Reaching safepoint: 17938 ns, Cleanup: 54722 ns, At safepoint: 3623 ns, Total: 76283 ns
[2025-02-23T05:49:57.191+0000][1010696][info ][safepoint   ] Safepoint "Cleanup", Time since last: 1000156565 ns, Reaching safepoint: 15701 ns, Cleanup: 58521 ns, At safepoint: 5106 ns, Total: 79328 ns
[2025-02-23T05:51:52.201+0000][1010696][info ][safepoint   ] Safepoint "Cleanup", Time since last: 115009455791 ns, Reaching safepoint: 15483 ns, Cleanup: 69135 ns, At safepoint: 4332 ns, Total: 88950 ns
[2025-02-23T05:52:13.203+0000][1010696][info ][safepoint   ] Safepoint "Cleanup", Time since last: 21001857044 ns, Reaching safepoint: 16868 ns, Cleanup: 59743 ns, At safepoint: 4546 ns, Total: 81157 ns
[2025-02-23T05:52:15.203+0000][1010696][info ][safepoint   ] Safepoint "Cleanup", Time since last: 2000232453 ns, Reaching safepoint: 16211 ns, Cleanup: 58691 ns, At safepoint: 4649 ns, Total: 79551 ns
[2025-02-23T05:52:16.203+0000][1010696][info ][safepoint   ] Safepoint "Cleanup", Time since last: 1000148329 ns, Reaching safepoint: 16315 ns, Cleanup: 59539 ns, At safepoint: 4775 ns, Total: 80629 ns
[2025-02-23T05:52:55.207+0000][1010696][info ][safepoint   ] Safepoint "Cleanup", Time since last: 39003297178 ns, Reaching safepoint: 17755 ns, Cleanup: 59804 ns, At safepoint: 4133 ns, Total: 81692 ns
[2025-02-23T05:53:52.212+0000][1010696][info ][safepoint   ] Safepoint "Cleanup", Time since last: 57004872080 ns, Reaching safepoint: 16181 ns, Cleanup: 59099 ns, At safepoint: 5117 ns, Total: 80397 ns
[2025-02-23T05:54:22.214+0000][1010696][info ][safepoint   ] Safepoint "Cleanup", Time since last: 30002654021 ns, Reaching safepoint: 15784 ns, Cleanup: 69827 ns, At safepoint: 3688 ns, Total: 89299 ns
[2025-02-23T05:54:42.216+0000][1010696][info ][safepoint   ] Safepoint "Cleanup", Time since last: 20001715296 ns, Reaching safepoint: 15340 ns, Cleanup: 56124 ns, At safepoint: 6225 ns, Total: 77689 ns
[2025-02-23T05:54:57.218+0000][1010696][info ][safepoint   ] Safepoint "Cleanup", Time since last: 15001353002 ns, Reaching safepoint: 15375 ns, Cleanup: 63598 ns, At safepoint: 5952 ns, Total: 84925 ns
[2025-02-23T05:55:01.218+0000][1010696][info ][safepoint   ] Safepoint "Cleanup", Time since last: 4000415889 ns, Reaching safepoint: 15859 ns, Cleanup: 84338 ns, At safepoint: 10364 ns, Total: 110561 ns
[2025-02-23T05:55:08.219+0000][1010696][info ][safepoint   ] Safepoint "Cleanup", Time since last: 7000631400 ns, Reaching safepoint: 17546 ns, Cleanup: 59821 ns, At safepoint: 4745 ns, Total: 82112 ns
[2025-02-23T05:55:18.220+0000][1010696][info ][safepoint   ] Safepoint "Cleanup", Time since last: 10000806687 ns, Reaching safepoint: 17327 ns, Cleanup: 63748 ns, At safepoint: 4963 ns, Total: 86038 ns
[2025-02-23T05:55:22.220+0000][1010696][info ][safepoint   ] Safepoint "Cleanup", Time since last: 4000388611 ns, Reaching safepoint: 20229 ns, Cleanup: 65005 ns, At safepoint: 4833 ns, Total: 90067 ns
[2025-02-23T05:55:52.223+0000][1010696][info ][safepoint   ] Safepoint "Cleanup", Time since last: 30002427244 ns, Reaching safepoint: 16337 ns, Cleanup: 59319 ns, At safepoint: 3883 ns, Total: 79539 ns
[2025-02-23T05:57:22.231+0000][1010696][info ][safepoint   ] Safepoint "Cleanup", Time since last: 90007809869 ns, Reaching safepoint: 15898 ns, Cleanup: 76653 ns, At safepoint: 4056 ns, Total: 96607 ns
[2025-02-23T05:57:31.232+0000][1010696][info ][safepoint   ] Safepoint "Cleanup", Time since last: 9000814671 ns, Reaching safepoint: 17239 ns, Cleanup: 62166 ns, At safepoint: 5001 ns, Total: 84406 ns
[2025-02-23T05:57:37.232+0000][1010696][info ][safepoint   ] Safepoint "Cleanup", Time since last: 6000581421 ns, Reaching safepoint: 17076 ns, Cleanup: 58343 ns, At safepoint: 4696 ns, Total: 80115 ns
[2025-02-23T05:59:29.242+0000][1010696][info ][safepoint   ] Safepoint "Cleanup", Time since last: 112009551143 ns, Reaching safepoint: 16098 ns, Cleanup: 59987 ns, At safepoint: 4066 ns, Total: 80151 ns
[2025-02-23T05:59:31.242+0000][1010696][info ][safepoint   ] Safepoint "Cleanup", Time since last: 2000241768 ns, Reaching safepoint: 14218 ns, Cleanup: 57700 ns, At safepoint: 5360 ns, Total: 77278 ns
[2025-02-23T05:59:52.244+0000][1010696][info ][safepoint   ] Safepoint "Cleanup", Time since last: 21001852997 ns, Reaching safepoint: 16539 ns, Cleanup: 57706 ns, At safepoint: 4495 ns, Total: 78740 ns
[2025-02-23T06:00:01.245+0000][1010696][info ][safepoint   ] Safepoint "Cleanup", Time since last: 9000858793 ns, Reaching safepoint: 17778 ns, Cleanup: 64389 ns, At safepoint: 4424 ns, Total: 86591 ns
[2025-02-23T06:00:22.247+0000][1010696][info ][safepoint   ] Safepoint "Cleanup", Time since last: 21001777999 ns, Reaching safepoint: 16255 ns, Cleanup: 69048 ns, At safepoint: 3692 ns, Total: 88995 ns
[2025-02-23T06:03:55.265+0000][1010696][info ][safepoint   ] Safepoint "Cleanup", Time since last: 213017902313 ns, Reaching safepoint: 15383 ns, Cleanup: 70249 ns, At safepoint: 5107 ns, Total: 90739 ns
[2025-02-23T06:04:22.267+0000][1010696][info ][safepoint   ] Safepoint "Cleanup", Time since last: 27002118241 ns, Reaching safepoint: 18369 ns, Cleanup: 67302 ns, At safepoint: 4708 ns, Total: 90379 ns
[2025-02-23T06:06:43.278+0000][1010696][info ][safepoint   ] Safepoint "Cleanup", Time since last: 141011299171 ns, Reaching safepoint: 19071 ns, Cleanup: 59805 ns, At safepoint: 5197 ns, Total: 84073 ns
[2025-02-23T06:08:52.289+0000][1010696][info ][safepoint   ] Safepoint "Cleanup", Time since last: 129010770349 ns, Reaching safepoint: 17714 ns, Cleanup: 62067 ns, At safepoint: 7691 ns, Total: 87472 ns
[2025-02-23T06:09:10.291+0000][1010696][info ][safepoint   ] Safepoint "Cleanup", Time since last: 18001562077 ns, Reaching safepoint: 16106 ns, Cleanup: 62477 ns, At safepoint: 4413 ns, Total: 82996 ns
[2025-02-23T06:09:12.291+0000][1010696][info ][safepoint   ] Safepoint "Cleanup", Time since last: 2000202865 ns, Reaching safepoint: 17297 ns, Cleanup: 57166 ns, At safepoint: 5959 ns, Total: 80422 ns
[2025-02-23T06:10:22.297+0000][1010696][info ][safepoint   ] Safepoint "Cleanup", Time since last: 70005696920 ns, Reaching safepoint: 18103 ns, Cleanup: 72465 ns, At safepoint: 6387 ns, Total: 96955 ns
[2025-02-23T06:12:52.310+0000][1010696][info ][safepoint   ] Safepoint "Cleanup", Time since last: 150012621849 ns, Reaching safepoint: 19170 ns, Cleanup: 66686 ns, At safepoint: 3818 ns, Total: 89674 ns
